Script started on Thu Mar 26 16:03:16 2020

The default interactive shell is now zsh.
To update your account to use zsh, please run `chsh -s /bin/zsh`.
For more details, please visit https://support.apple.com/kb/HT208050.
[?1034hbash-3.2$ echo $PATH
/anaconda2/bin:/anaconda2/bin:/usr/local/bin:/usr/bin:/bin:/usr/sbin:/sbin:/Library/TeX/texbin:/opt/X11/bin:/Library/Frameworks/Mono.framework/Versions/Current/Commands
bash-3.2$ p=$PATH
bash-3.2$ echo $p
/anaconda2/bin:/anaconda2/bin:/usr/local/bin:/usr/bin:/bin:/usr/sbin:/sbin:/Library/TeX/texbin:/opt/X11/bin:/Library/Frameworks/Mono.framework/Versions/Current/Commands
bash-3.2$ $PATH=
bash: /anaconda2/bin:/anaconda2/bin:/usr/local/bin:/usr/bin:/bin:/usr/sbin:/sbin:/Library/TeX/texbin:/opt/X11/bin:/Library/Frameworks/Mono.framework/Versions/Current/Commands=: No such file or directory
bash-3.2$ $PATH=""
bash: /anaconda2/bin:/anaconda2/bin:/usr/local/bin:/usr/bin:/bin:/usr/sbin:/sbin:/Library/TeX/texbin:/opt/X11/bin:/Library/Frameworks/Mono.framework/Versions/Current/Commands=: No such file or directory
bash-3.2$ echo $PATH
/anaconda2/bin:/anaconda2/bin:/usr/local/bin:/usr/bin:/bin:/usr/sbin:/sbin:/Library/TeX/texbin:/opt/X11/bin:/Library/Frameworks/Mono.framework/Versions/Current/Commands
bash-3.2$ ls ; wc *
3-subshells	lab8-2.LOG	lab8.LOG
wc: 3-subshells: read: Is a directory
      16      66    1282 lab8-2.LOG
     102     269    2753 lab8.LOG
     118     335    4035 total
bash-3.2$ find -L ~/cs240 -name '*.c*[K'
bash-3.2$ find -L ~/cs240 -name '*.c'|[K | wc -l
       0
bash-3.2$ find -L ~/cs240 -name '*.c' | wc -l[1P[1P[1P
       0
bash-3.2$ fin [Kd / -name '*.c' 2>/dev/null
/usr/local/lib/python3.7/site-packages/markupsafe/_speedups.c
/usr/local/lib/python3.7/site-packages/Cython/Debugger/Tests/cfuncs.c
/usr/local/lib/python3.7/site-packages/Cython/Utility/ObjectHandling.c
/usr/local/lib/python3.7/site-packages/Cython/Utility/Buffer.c
/usr/local/lib/python3.7/site-packages/Cython/Utility/Builtins.c
/usr/local/lib/python3.7/site-packages/Cython/Utility/Overflow.c
/usr/local/lib/python3.7/site-packages/Cython/Utility/Capsule.c
/usr/local/lib/python3.7/site-packages/Cython/Utility/FunctionArguments.c
/usr/local/lib/python3.7/site-packages/Cython/Utility/TestUtilityLoader.c
/usr/local/lib/python3.7/site-packages/Cython/Utility/MemoryView_C.c
/usr/local/lib/python3.7/site-packages/Cython/Utility/Printing.c
/usr/local/lib/python3.7/site-packages/Cython/Utility/CythonFunction.c
/usr/local/lib/python3.7/site-packages/Cython/Utility/Complex.c
/usr/local/lib/python3.7/site-packages/Cython/Utility/StringTools.c
/usr/local/lib/python3.7/site-packages/Cython/Utility/ImportExport.c
/usr/local/lib/python3.7/site-packages/Cython/Utility/CMath.c
/usr/local/lib/python3.7/site-packages/Cython/Utility/CommonStructures.c
/usr/local/lib/python3.7/site-packages/Cython/Utility/Embed.c
/usr/local/lib/python3.7/site-packages/Cython/Utility/ExtensionTypes.c
/usr/local/lib/python3.7/site-packages/Cython/Utility/Optimize.c
/usr/local/lib/python3.7/site-packages/Cython/Utility/ModuleSetupCode.c
/usr/local/lib/python3.7/site-packages/Cython/Utility/Profile.c
/usr/local/lib/python3.7/site-packages/Cython/Utility/Exceptions.c
/usr/local/lib/python3.7/site-packages/Cython/Utility/AsyncGen.c
/usr/local/lib/python3.7/site-packages/Cython/Utility/TypeConversion.c
/usr/local/lib/python3.7/site-packages/Cython/Utility/Coroutine.c
/usr/local/lib/python3.7/site-packages/numpy/distutils/mingw/gfortran_vs2003_hack.c
/usr/local/lib/python3.7/site-packages/numpy/f2py/tests/src/array_from_pyobj/wrapmodule.c
/usr/local/lib/python3.7/site-packages/numpy/f2py/src/fortranobject.c
/usr/local/lib/python3.7/site-packages/tensorflow/include/external/boringssl/src/crypto/fipsmodule/md4/md4.c
/usr/local/lib/python3.7/site-packages/tensorflow/include/external/boringssl/src/crypto/fipsmodule/hmac/hmac.c
/usr/local/lib/python3.7/site-packages/tensorflow/include/external/boringssl/src/crypto/fipsmodule/md5/md5.c
/usr/local/lib/python3.7/site-packages/tensorflow/include/external/boringssl/src/crypto/fipsmodule/des/des.c
/usr/local/lib/python3.7/site-packages/tensorflow/include/external/boringssl/src/crypto/fipsmodule/ecdsa/ecdsa.c
/usr/local/lib/python3.7/site-packages/tensorflow/include/external/boringssl/src/crypto/fipsmodule/modes/cbc.c
/usr/local/lib/python3.7/site-packages/tensorflow/include/external/boringssl/src/crypto/fipsmodule/modes/gcm.c
/usr/local/lib/python3.7/site-packages/tensorflow/include/external/boringssl/src/crypto/fipsmodule/modes/ccm.c
/usr/local/lib/python3.7/site-packages/tensorflow/include/external/boringssl/src/crypto/fipsmodule/modes/ofb.c
/usr/local/lib/python3.7/site-packages/tensorflow/include/external/boringssl/src/crypto/fipsmodule/modes/polyval.c
/usr/local/lib/python3.7/site-packages/tensorflow/include/external/boringssl/src/crypto/fipsmodule/modes/ctr.c
/usr/local/lib/python3.7/site-packages/tensorflow/include/external/boringssl/src/crypto/fipsmodule/modes/cfb.c
/usr/local/lib/python3.7/site-packages/tensorflow/include/external/boringssl/src/crypto/fipsmodule/digest/digest.c
/usr/local/lib/python3.7/site-packages/tensorflow/include/external/boringssl/src/crypto/fipsmodule/digest/digests.c
/usr/local/lib/python3.7/site-packages/tensorflow/include/external/boringssl/src/crypto/fipsmodule/rsa/rsa.c
/usr/local/lib/python3.7/site-packages/tensorflow/include/external/boringssl/src/crypto/fipsmodule/rsa/padding.c
/usr/local/lib/python3.7/site-packages/tensorflow/include/external/boringssl/src/crypto/fipsmodule/rsa/blinding.c
/usr/local/lib/python3.7/site-packages/tensorflow/include/external/boringssl/src/crypto/fipsmodule/rsa/rsa_impl.c
/usr/local/lib/python3.7/site-packages/tensorflow/include/external/boringssl/src/crypto/fipsmodule/ec/ec_montgomery.c
/usr/local/lib/python3.7/site-packages/tensorflow/include/external/boringssl/src/crypto/fipsmodule/ec/ec.c
/usr/local/lib/python3.7/site-packages/tensorflow/include/external/boringssl/src/crypto/fipsmodule/ec/util.c
/usr/local/lib/python3.7/site-packages/tensorflow/include/external/boringssl/src/crypto/fipsmodule/ec/p224-64.c
/usr/local/lib/python3.7/site-packages/tensorflow/include/external/boringssl/src/crypto/fipsmodule/ec/p256-x86_64.c
/usr/local/lib/python3.7/site-packages/tensorflow/include/external/boringssl/src/crypto/fipsmodule/ec/oct.c
/usr/local/lib/python3.7/site-packages/tensorflow/include/external/boringssl/src/crypto/fipsmodule/ec/wnaf.c
/usr/local/lib/python3.7/site-packages/tensorflow/include/external/boringssl/src/crypto/fipsmodule/ec/simple_mul.c
/usr/local/lib/python3.7/site-packages/tensorflow/include/external/boringssl/src/crypto/fipsmodule/ec/ec_key.c
/usr/local/lib/python3.7/site-packages/tensorflow/include/external/boringssl/src/crypto/fipsmodule/ec/simple.c
/usr/local/lib/python3.7/site-packages/tensorflow/include/external/boringssl/src/crypto/fipsmodule/ec/felem.c
/usr/local/lib/python3.7/site-packages/tensorflow/include/external/boringssl/src/crypto/fipsmodule/ec/scalar.c
/usr/local/lib/python3.7/site-packages/tensorflow/include/external/boringssl/src/crypto/fipsmodule/cipher/aead.c
/usr/local/lib/python3.7/site-packages/tensorflow/include/external/boringssl/src/crypto/fipsmodule/cipher/e_des.c
/usr/local/lib/python3.7/site-packages/tensorflow/include/external/boringssl/src/crypto/fipsmodule/cipher/e_aes.c
/usr/local/lib/python3.7/site-packages/tensorflow/include/external/boringssl/src/crypto/fipsmodule/cipher/cipher.c
/usr/local/lib/python3.7/site-packages/tensorflow/include/external/boringssl/src/crypto/fipsmodule/tls/kdf.c
/usr/local/lib/python3.7/site-packages/tensorflow/include/external/boringssl/src/crypto/fipsmodule/bn/mul.c
/usr/local/lib/python3.7/site-packages/tensorflow/include/external/boringssl/src/crypto/fipsmodule/bn/gcd.c
/usr/local/lib/python3.7/site-packages/tensorflow/include/external/boringssl/src/crypto/fipsmodule/bn/shift.c
/usr/local/lib/python3.7/site-packages/tensorflow/include/external/boringssl/src/crypto/fipsmodule/bn/asm/x86_64-gcc.c
/usr/local/lib/python3.7/site-packages/tensorflow/include/external/boringssl/src/crypto/fipsmodule/bn/montgomery.c
/usr/local/lib/python3.7/site-packages/tensorflow/include/external/boringssl/src/crypto/fipsmodule/bn/gcd_extra.c
/usr/local/lib/python3.7/site-packages/tensorflow/include/external/boringssl/src/crypto/fipsmodule/bn/bytes.c
/usr/local/lib/python3.7/site-packages/tensorflow/include/external/boringssl/src/crypto/fipsmodule/bn/jacobi.c
/usr/local/lib/python3.7/site-packages/tensorflow/include/external/boringssl/src/crypto/fipsmodule/bn/exponentiation.c
/usr/local/lib/python3.7/site-packages/tensorflow/include/external/boringssl/src/crypto/fipsmodule/bn/random.c
/usr/local/lib/python3.7/site-packages/tensorflow/include/external/boringssl/src/crypto/fipsmodule/bn/div.c
/usr/local/lib/python3.7/site-packages/tensorflow/include/external/boringssl/src/crypto/fipsmodule/bn/div_extra.c
/usr/local/lib/python3.7/site-packages/tensorflow/include/external/boringssl/src/crypto/fipsmodule/bn/ctx.c
/usr/local/lib/python3.7/site-packages/tensorflow/include/external/boringssl/src/crypto/fipsmodule/bn/sqrt.c
/usr/local/lib/python3.7/site-packages/tensorflow/include/external/boringssl/src/crypto/fipsmodule/bn/bn.c
/usr/local/lib/python3.7/site-packages/tensorflow/include/external/boringssl/src/crypto/fipsmodule/bn/generic.c
/usr/local/lib/python3.7/site-packages/tensorflow/include/external/boringssl/src/crypto/fipsmodule/bn/prime.c
/usr/local/lib/python3.7/site-packages/tensorflow/include/external/boringssl/src/crypto/fipsmodule/bn/cmp.c
/usr/local/lib/python3.7/site-packages/tensorflow/include/external/boringssl/src/crypto/fipsmodule/bn/add.c
/usr/local/lib/python3.7/site-packages/tensorflow/include/external/boringssl/src/crypto/fipsmodule/bn/montgomery_inv.c
/usr/local/lib/python3.7/site-packages/tensorflow/include/external/boringssl/src/crypto/fipsmodule/bn/rsaz_exp.c
/usr/local/lib/python3.7/site-packages/tensorflow/include/external/boringssl/src/crypto/fipsmodule/sha/sha1.c
/usr/local/lib/python3.7/site-packages/tensorflow/include/external/boringssl/src/crypto/fipsmodule/sha/sha256.c
/usr/local/lib/python3.7/site-packages/tensorflow/include/external/boringssl/src/crypto/fipsmodule/sha/sha512.c
/usr/local/lib/python3.7/site-packages/tensorflow/include/external/boringssl/src/crypto/fipsmodule/sha/sha1-altivec.c
/usr/local/lib/python3.7/site-packages/tensorflow/include/external/boringssl/src/crypto/fipsmodule/ecdh/ecdh.c
/usr/local/lib/python3.7/site-packages/tensorflow/include/external/boringssl/src/crypto/fipsmodule/rand/rand.c
/usr/local/lib/python3.7/site-packages/tensorflow/include/external/boringssl/src/crypto/fipsmodule/rand/ctrdrbg.c
/usr/local/lib/python3.7/site-packages/tensorflow/include/external/boringssl/src/crypto/fipsmodule/rand/urandom.c
/usr/local/lib/python3.7/site-packages/tensorflow/include/external/boringssl/src/crypto/fipsmodule/self_check/self_check.c
/usr/local/lib/python3.7/site-packages/tensorflow/include/external/boringssl/src/crypto/fipsmodule/aes/aes.c
/usr/local/lib/python3.7/site-packages/tensorflow/include/external/boringssl/src/crypto/fipsmodule/aes/mode_wrappers.c
/usr/local/lib/python3.7/site-packages/tensorflow/include/external/boringssl/src/crypto/fipsmodule/aes/key_wrap.c
/usr/local/lib/python3.7/site-packages/tensorflow/include/external/boringssl/src/third_party/fiat/p256.c
/usr/local/lib/python3.7/site-packages/tensorflow/include/external/jpeg/jccolext.c
/usr/local/lib/python3.7/site-packages/tensorflow/include/external/jpeg/jdmrg565.c
/usr/local/lib/python3.7/site-packages/tensorflow/include/external/jpeg/jstdhuff.c
/usr/local/lib/python3.7/site-packages/tensorflow/include/external/jpeg/jdcolext.c
/usr/local/lib/python3.7/site-packages/tensorflow/include/external/jpeg/jdmrgext.c
/usr/local/lib/python3.7/site-packages/tensorflow/include/external/jpeg/jdcol565.c
/usr/local/lib/python3.7/site-packages/atari_py/ale_interface/build/CMakeFiles/3.12.0/CompilerIdC/CMakeCCompilerId.c
/usr/local/lib/python3.7/site-packages/atari_py/ale_interface/build/CMakeFiles/feature_tests.c
/usr/local/lib/python3.7/site-packages/atari_py/ale_interface/src/external/TinyMT/tinymt32.c
/usr/local/lib/python3.7/site-packages/atari_py/ale_interface/src/emucore/unzip.c
/usr/local/lib/python3.7/site-packages/atari_py/ale_interface/src/emucore/rsynth/darray.c
/usr/local/lib/python3.7/site-packages/atari_py/ale_interface/src/emucore/rsynth/holmes.c
/usr/local/lib/python3.7/site-packages/atari_py/ale_interface/src/emucore/rsynth/phtoelm.c
/usr/local/lib/python3.7/site-packages/atari_py/ale_interface/src/emucore/rsynth/trie.c
/usr/local/lib/python3.7/site-packages/atari_py/ale_interface/src/emucore/rsynth/opsynth.c
/usr/local/lib/python3.7/site-packages/atari_py/ale_interface/src/emucore/rsynth/elements.c
/usr/local/lib/python3.7/site-packages/atari_py/ale_interface/src/emucore/rsynth/phones.c
/usr/local/lib/python3.7/site-packages/scipy/integrate/tests/_test_multivariate.c
/usr/local/lib/python3.7/site-packages/scipy/fftpack/tests/fftw_dct.c
/usr/local/lib/python3.7/site-packages/pbr/tests/testpackage/src/testext.c
/usr/local/lib/python3.7/site-packages/zmq/backend/cffi/_verify.c
/usr/local/lib/tk8.6/tkAppInit.c
/usr/local/lib/tcl8.6/tclAppInit.c
/usr/local/Cellar/ncurses/6.1/test/testcurs.c
/usr/local/Cellar/ncurses/6.1/test/key_names.c
/usr/local/Cellar/ncurses/6.1/test/xmas.c
/usr/local/Cellar/ncurses/6.1/test/firework.c
/usr/local/Cellar/ncurses/6.1/test/test_instr.c
/usr/local/Cellar/ncurses/6.1/test/demo_panels.c
/usr/local/Cellar/ncurses/6.1/test/test_sgr.c
/usr/local/Cellar/ncurses/6.1/test/sp_tinfo.c
/usr/local/Cellar/ncurses/6.1/test/edit_field.c
/usr/local/Cellar/ncurses/6.1/test/dots_xcurses.c
/usr/local/Cellar/ncurses/6.1/test/picsmap.c
/usr/local/Cellar/ncurses/6.1/test/dots.c
/usr/local/Cellar/ncurses/6.1/test/ditto.c
/usr/local/Cellar/ncurses/6.1/test/demo_new_pair.c
/usr/local/Cellar/ncurses/6.1/test/newdemo.c
/usr/local/Cellar/ncurses/6.1/test/test_get_wstr.c
/usr/local/Cellar/ncurses/6.1/test/demo_menus.c
/usr/local/Cellar/ncurses/6.1/test/tclock.c
/usr/local/Cellar/ncurses/6.1/test/knight.c
/usr/local/Cellar/ncurses/6.1/test/test_getstr.c
/usr/local/Cellar/ncurses/6.1/test/demo_forms.c
/usr/local/Cellar/ncurses/6.1/test/ncurses.c
/usr/local/Cellar/ncurses/6.1/test/railroad.c
/usr/local/Cellar/ncurses/6.1/test/movewindow.c
/usr/local/Cellar/ncurses/6.1/test/test_addchstr.c
/usr/local/Cellar/ncurses/6.1/test/worm.c
/usr/local/Cellar/ncurses/6.1/test/demo_termcap.c
/usr/local/Cellar/ncurses/6.1/test/savescreen.c
/usr/local/Cellar/ncurses/6.1/test/blue.c
/usr/local/Cellar/ncurses/6.1/test/test_termattrs.c
/usr/local/Cellar/ncurses/6.1/test/test_opaque.c
/usr/local/Cellar/ncurses/6.1/test/keynames.c
/usr/local/Cellar/ncurses/6.1/test/filter.c
/usr/local/Cellar/ncurses/6.1/test/dots_mvcur.c
/usr/local/Cellar/ncurses/6.1/test/inserts.c
/usr/local/Cellar/ncurses/6.1/test/bs.c
/usr/local/Cellar/ncurses/6.1/test/test_inwstr.c
/usr/local/Cellar/ncurses/6.1/test/clip_printw.c
/usr/local/Cellar/ncurses/6.1/test/color_set.c
/usr/local/Cellar/ncurses/6.1/test/test_arrays.c
/usr/local/Cellar/ncurses/6.1/test/chgat.c
/usr/local/Cellar/ncurses/6.1/test/test_addstr.c
/usr/local/Cellar/ncurses/6.1/test/echochar.c
/usr/local/Cellar/ncurses/6.1/test/foldkeys.c
/usr/local/Cellar/ncurses/6.1/test/demo_altkeys.c
/usr/local/Cellar/ncurses/6.1/test/test_vidputs.c
/usr/local/Cellar/ncurses/6.1/test/test_add_wchstr.c
/usr/local/Cellar/ncurses/6.1/test/gdc.c
/usr/local/Cellar/ncurses/6.1/test/list_keys.c
/usr/local/Cellar/ncurses/6.1/test/background.c
/usr/local/Cellar/ncurses/6.1/test/hashtest.c
/usr/local/Cellar/ncurses/6.1/test/cardfile.c
/usr/local/Cellar/ncurses/6.1/test/extended_color.c
/usr/local/Cellar/ncurses/6.1/test/inchs.c
/usr/local/Cellar/ncurses/6.1/test/hanoi.c
/usr/local/Cellar/ncurses/6.1/test/test_addwstr.c
/usr/local/Cellar/ncurses/6.1/test/test_setupterm.c
/usr/local/Cellar/ncurses/6.1/test/test_vid_puts.c
/usr/local/Cellar/ncurses/6.1/test/rain.c
/usr/local/Cellar/ncurses/6.1/test/dots_curses.c
/usr/local/Cellar/ncurses/6.1/test/demo_terminfo.c
/usr/local/Cellar/ncurses/6.1/test/padview.c
/usr/local/Cellar/ncurses/6.1/test/dots_termcap.c
/usr/local/Cellar/ncurses/6.1/test/popup_msg.c
/usr/local/Cellar/ncurses/6.1/test/redraw.c
/usr/local/Cellar/ncurses/6.1/test/view.c
/usr/local/Cellar/ncurses/6.1/test/ins_wide.c
/usr/local/Cellar/ncurses/6.1/test/firstlast.c
/usr/local/Cellar/ncurses/6.1/test/form_driver_w.c
/usr/local/Cellar/ncurses/6.1/test/lrtest.c
/usr/local/Cellar/ncurses/6.1/test/insdelln.c
/usr/local/Cellar/ncurses/6.1/test/testscanw.c
/usr/local/Cellar/ncurses/6.1/test/testaddch.c
/usr/local/Cellar/ncurses/6.1/test/demo_keyok.c
/usr/local/Cellar/ncurses/6.1/test/demo_defkey.c
/usr/local/Cellar/ncurses/6.1/test/inch_wide.c
/usr/local/Cellar/python/3.7.2_2/libexec/setuptools/launcher.c
/usr/local/Cellar/python/3.7.2_2/Frameworks/Python.framework/Versions/3.7/lib/python3.7/distutils/tests/xxmodule.c
/usr/local/Cellar/python/3.7.2_2/Frameworks/Python.framework/Versions/3.7/lib/python3.7/config-3.7m-darwin/config.c
/usr/local/Cellar/readline/8.0.0/share/readline/rlbasic.c
/usr/local/Cellar/readline/8.0.0/share/readline/hist_purgecmd.c
/usr/local/Cellar/readline/8.0.0/share/readline/excallback.c
/usr/local/Cellar/readline/8.0.0/share/readline/rlptytest.c
/usr/local/Cellar/readline/8.0.0/share/readline/rlkeymaps.c
/usr/local/Cellar/readline/8.0.0/share/readline/hist_erasedups.c
/usr/local/Cellar/readline/8.0.0/share/readline/rl-fgets.c
/usr/local/Cellar/readline/8.0.0/share/readline/rl-callbacktest.c
/usr/local/Cellar/readline/8.0.0/share/readline/rl.c
/usr/local/Cellar/readline/8.0.0/share/readline/rlversion.c
/usr/local/Cellar/readline/8.0.0/share/readline/fileman.c
/usr/local/Cellar/readline/8.0.0/share/readline/rlevent.c
/usr/local/Cellar/readline/8.0.0/share/readline/manexamp.c
/usr/local/Cellar/readline/8.0.0/share/readline/rltest.c
/usr/local/Cellar/readline/8.0.0/share/readline/rlcat.c
/usr/local/Cellar/readline/8.0.0/share/readline/histexamp.c
/usr/local/Cellar/xz/5.2.4/share/doc/xz/examples_old/xz_pipe_comp.c
/usr/local/Cellar/xz/5.2.4/share/doc/xz/examples_old/xz_pipe_decomp.c
/usr/local/Cellar/xz/5.2.4/share/doc/xz/examples/04_compress_easy_mt.c
/usr/local/Cellar/xz/5.2.4/share/doc/xz/examples/01_compress_easy.c
/usr/local/Cellar/xz/5.2.4/share/doc/xz/examples/02_decompress.c
/usr/local/Cellar/xz/5.2.4/share/doc/xz/examples/03_compress_custom.c
/usr/local/texlive/2018/texmf-dist/source/latex/bibarts/bibsort.c
/usr/local/texlive/2018/texmf-dist/source/latex/avremu/test-suite/printf.c
/usr/local/texlive/2018/texmf-dist/source/latex/avremu/test-suite/mul.c
/usr/local/texlive/2018/texmf-dist/source/latex/avremu/test-suite/shift.c
/usr/local/texlive/2018/texmf-dist/source/latex/avremu/test-suite/complex-memory.c
/usr/local/texlive/2018/texmf-dist/source/latex/avremu/test-suite/sum-rec.c
/usr/local/texlive/2018/texmf-dist/source/latex/avremu/test-suite/string.c
/usr/local/texlive/2018/texmf-dist/source/latex/avremu/test-suite/func-ptr.c
/usr/local/texlive/2018/texmf-dist/source/latex/avremu/test-suite/float.c
/usr/local/texlive/2018/texmf-dist/source/latex/avremu/test-suite/fibonacci-rec.c
/usr/local/texlive/2018/texmf-dist/source/latex/avremu/test-suite/empty-main.c
/usr/local/texlive/2018/texmf-dist/source/latex/avremu/test-suite/mandelbrot.c
/usr/local/texlive/2018/texmf-dist/source/latex/sanskrit/skt.c
/usr/local/texlive/2018/texmf-dist/source/latex/cjk/utils/pyhyphen/pinyin.c
/usr/local/texlive/2018/texmf-dist/source/latex/fancynum/tables.c
/usr/local/texlive/2018/texmf-dist/source/latex/splitindex/splitindex.c
/usr/local/texlive/2018/texmf-dist/source/latex/otibet/oct2otp.c
/usr/local/texlive/2018/texmf-dist/source/latex/axodraw2/axohelp.c
/usr/local/texlive/2018/texmf-dist/source/latex/bengali/beng.c
/usr/local/texlive/2018/texmf-dist/source/generic/pgf/c/graphdrawing/pgf/gd/interface/c/InterfaceFromC.c
/usr/local/texlive/2018/texmf-dist/source/generic/pgf/c/graphdrawing/pgf/gd/examples/c/SimpleDemoC.c
/usr/local/texlive/2018/texmf-dist/scripts/context/stubs/source/mtxrun_exe.c
/usr/local/texlive/2018/texmf-dist/scripts/context/stubs/source/mtxrun_dll.c
/usr/local/texlive/2018/texmf-dist/doc/latex/dickimaw/src/thesis/listing-samples/sqrt.c
/usr/local/texlive/2018/texmf-dist/doc/latex/dickimaw/src/thesis/listing-samples/helloworld.c
/usr/local/texlive/2018/texmf-dist/doc/latex/pygmentex/demo.c
/usr/local/texlive/2018/texmf-dist/doc/generic/t2/etc/t2filter.c
/usr/local/texlive/2018/texmf-dist/doc/generic/c-pascal/prog/sun.c
/usr/local/texlive/2018/texmf-dist/doc/generic/xypic/support/pnmrawtopcropwhite.c
/usr/local/texlive/2018/texmf-dist/doc/generic/docbytex/cosi.c
/usr/local/texlive/2018/texmf-dist/doc/generic/docbytex/base.c
/usr/local/texlive/2018/texmf-dist/doc/generic/docbytex/win.c
/usr/local/texlive/2018/texmf-dist/doc/generic/docbytex/main.c
/usr/local/texlive/2018/texmf-dist/doc/fonts/libertine/g2ntotex.c
/usr/local/texlive/2018/texmf-dist/doc/cstex/cspsfonts-gen/kernoff.c
/usr/local/share/doc/ghostscript/9.23/gdevds32.c
/usr/share/vim/vim81/tools/xcmdsrv_client.c
/usr/share/vim/vim81/tools/blink.c
/usr/share/vim/vim81/tools/ccfilter.c
/usr/share/vim/vim81/macros/maze/mazeansi.c
/usr/share/vim/vim81/macros/maze/maze.c
/usr/share/vim/vim81/macros/maze/mazeclean.c
/Library/Developer/CommandLineTools/usr/share/bison/glr.c
/Library/Developer/CommandLineTools/usr/share/bison/yacc.c
/Library/Developer/CommandLineTools/SDKs/MacOSX10.14.sdk/System/Library/Frameworks/Ruby.framework/Versions/2.3/usr/lib/ruby/gems/2.3.0/gems/nokogiri-1.5.6/ext/nokogiri/xml_comment.c
/Library/Developer/CommandLineTools/SDKs/MacOSX10.14.sdk/System/Library/Frameworks/Ruby.framework/Versions/2.3/usr/lib/ruby/gems/2.3.0/gems/nokogiri-1.5.6/ext/nokogiri/xml_element_content.c
/Library/Developer/CommandLineTools/SDKs/MacOSX10.14.sdk/System/Library/Frameworks/Ruby.framework/Versions/2.3/usr/lib/ruby/gems/2.3.0/gems/nokogiri-1.5.6/ext/nokogiri/html_element_description.c
/Library/Developer/CommandLineTools/SDKs/MacOSX10.14.sdk/System/Library/Frameworks/Ruby.framework/Versions/2.3/usr/lib/ruby/gems/2.3.0/gems/nokogiri-1.5.6/ext/nokogiri/nokogiri.c
/Library/Developer/CommandLineTools/SDKs/MacOSX10.14.sdk/System/Library/Frameworks/Ruby.framework/Versions/2.3/usr/lib/ruby/gems/2.3.0/gems/nokogiri-1.5.6/ext/nokogiri/xml_element_decl.c
/Library/Developer/CommandLineTools/SDKs/MacOSX10.14.sdk/System/Library/Frameworks/Ruby.framework/Versions/2.3/usr/lib/ruby/gems/2.3.0/gems/nokogiri-1.5.6/ext/nokogiri/xml_node_set.c
/Library/Developer/CommandLineTools/SDKs/MacOSX10.14.sdk/System/Library/Frameworks/Ruby.framework/Versions/2.3/usr/lib/ruby/gems/2.3.0/gems/nokogiri-1.5.6/ext/nokogiri/xml_namespace.c
/Library/Developer/CommandLineTools/SDKs/MacOSX10.14.sdk/System/Library/Frameworks/Ruby.framework/Versions/2.3/usr/lib/ruby/gems/2.3.0/gems/nokogiri-1.5.6/ext/nokogiri/xml_encoding_handler.c
/Library/Developer/CommandLineTools/SDKs/MacOSX10.14.sdk/System/Library/Frameworks/Ruby.framework/Versions/2.3/usr/lib/ruby/gems/2.3.0/gems/nokogiri-1.5.6/ext/nokogiri/xml_libxml2_hacks.c
/Library/Developer/CommandLineTools/SDKs/MacOSX10.14.sdk/System/Library/Frameworks/Ruby.framework/Versions/2.3/usr/lib/ruby/gems/2.3.0/gems/nokogiri-1.5.6/ext/nokogiri/xml_relax_ng.c
/Library/Developer/CommandLineTools/SDKs/MacOSX10.14.sdk/System/Library/Frameworks/Ruby.framework/Versions/2.3/usr/lib/ruby/gems/2.3.0/gems/nokogiri-1.5.6/ext/nokogiri/xml_sax_push_parser.c
/Library/Developer/CommandLineTools/SDKs/MacOSX10.14.sdk/System/Library/Frameworks/Ruby.framework/Versions/2.3/usr/lib/ruby/gems/2.3.0/gems/nokogiri-1.5.6/ext/nokogiri/html_sax_parser_context.c
/Library/Developer/CommandLineTools/SDKs/MacOSX10.14.sdk/System/Library/Frameworks/Ruby.framework/Versions/2.3/usr/lib/ruby/gems/2.3.0/gems/nokogiri-1.5.6/ext/nokogiri/xslt_stylesheet.c
/Library/Developer/CommandLineTools/SDKs/MacOSX10.14.sdk/System/Library/Frameworks/Ruby.framework/Versions/2.3/usr/lib/ruby/gems/2.3.0/gems/nokogiri-1.5.6/ext/nokogiri/html_document.c
/Library/Developer/CommandLineTools/SDKs/MacOSX10.14.sdk/System/Library/Frameworks/Ruby.framework/Versions/2.3/usr/lib/ruby/gems/2.3.0/gems/nokogiri-1.5.6/ext/nokogiri/xml_sax_parser_context.c
/Library/Developer/CommandLineTools/SDKs/MacOSX10.14.sdk/System/Library/Frameworks/Ruby.framework/Versions/2.3/usr/lib/ruby/gems/2.3.0/gems/nokogiri-1.5.6/ext/nokogiri/xml_xpath_context.c
/Library/Developer/CommandLineTools/SDKs/MacOSX10.14.sdk/System/Library/Frameworks/Ruby.framework/Versions/2.3/usr/lib/ruby/gems/2.3.0/gems/nokogiri-1.5.6/ext/nokogiri/html_entity_lookup.c
/Library/Developer/CommandLineTools/SDKs/MacOSX10.14.sdk/System/Library/Frameworks/Ruby.framework/Versions/2.3/usr/lib/ruby/gems/2.3.0/gems/nokogiri-1.5.6/ext/nokogiri/xml_sax_parser.c
/Library/Developer/CommandLineTools/SDKs/MacOSX10.14.sdk/System/Library/Frameworks/Ruby.framework/Versions/2.3/usr/lib/ruby/gems/2.3.0/gems/nokogiri-1.5.6/ext/nokogiri/xml_reader.c
/Library/Developer/CommandLineTools/SDKs/MacOSX10.14.sdk/System/Library/Frameworks/Ruby.framework/Versions/2.3/usr/lib/ruby/gems/2.3.0/gems/nokogiri-1.5.6/ext/nokogiri/xml_syntax_error.c
/Library/Developer/CommandLineTools/SDKs/MacOSX10.14.sdk/System/Library/Frameworks/Ruby.framework/Versions/2.3/usr/lib/ruby/gems/2.3.0/gems/nokogiri-1.5.6/ext/nokogiri/xml_node.c
/Library/Developer/CommandLineTools/SDKs/MacOSX10.14.sdk/System/Library/Frameworks/Ruby.framework/Versions/2.3/usr/lib/ruby/gems/2.3.0/gems/nokogiri-1.5.6/ext/nokogiri/xml_attr.c
/Library/Developer/CommandLineTools/SDKs/MacOSX10.14.sdk/System/Library/Frameworks/Ruby.framework/Versions/2.3/usr/lib/ruby/gems/2.3.0/gems/nokogiri-1.5.6/ext/nokogiri/html_sax_push_parser.c
/Library/Developer/CommandLineTools/SDKs/MacOSX10.14.sdk/System/Library/Frameworks/Ruby.framework/Versions/2.3/usr/lib/ruby/gems/2.3.0/gems/nokogiri-1.5.6/ext/nokogiri/xml_schema.c
/Library/Developer/CommandLineTools/SDKs/MacOSX10.14.sdk/System/Library/Frameworks/Ruby.framework/Versions/2.3/usr/lib/ruby/gems/2.3.0/gems/nokogiri-1.5.6/ext/nokogiri/xml_dtd.c
/Library/Developer/CommandLineTools/SDKs/MacOSX10.14.sdk/System/Library/Frameworks/Ruby.framework/Versions/2.3/usr/lib/ruby/gems/2.3.0/gems/nokogiri-1.5.6/ext/nokogiri/xml_entity_decl.c
/Library/Developer/CommandLineTools/SDKs/MacOSX10.14.sdk/System/Library/Frameworks/Ruby.framework/Versions/2.3/usr/lib/ruby/gems/2.3.0/gems/nokogiri-1.5.6/ext/nokogiri/xml_attribute_decl.c
/Library/Developer/CommandLineTools/SDKs/MacOSX10.14.sdk/System/Library/Frameworks/Ruby.framework/Versions/2.3/usr/lib/ruby/gems/2.3.0/gems/nokogiri-1.5.6/ext/nokogiri/xml_io.c
/Library/Developer/CommandLineTools/SDKs/MacOSX10.14.sdk/System/Library/Frameworks/Ruby.framework/Versions/2.3/usr/lib/ruby/gems/2.3.0/gems/nokogiri-1.5.6/ext/nokogiri/xml_entity_reference.c
/Library/Developer/CommandLineTools/SDKs/MacOSX10.14.sdk/System/Library/Frameworks/Ruby.framework/Versions/2.3/usr/lib/ruby/gems/2.3.0/gems/nokogiri-1.5.6/ext/nokogiri/xml_processing_instruction.c
/Library/Developer/CommandLineTools/SDKs/MacOSX10.14.sdk/System/Library/Frameworks/Ruby.framework/Versions/2.3/usr/lib/ruby/gems/2.3.0/gems/nokogiri-1.5.6/ext/nokogiri/xml_text.c
/Library/Developer/CommandLineTools/SDKs/MacOSX10.14.sdk/System/Library/Frameworks/Ruby.framework/Versions/2.3/usr/lib/ruby/gems/2.3.0/gems/nokogiri-1.5.6/ext/nokogiri/xml_document_fragment.c
/Library/Developer/CommandLineTools/SDKs/MacOSX10.14.sdk/System/Library/Frameworks/Ruby.framework/Versions/2.3/usr/lib/ruby/gems/2.3.0/gems/nokogiri-1.5.6/ext/nokogiri/xml_document.c
/Library/Developer/CommandLineTools/SDKs/MacOSX10.14.sdk/System/Library/Frameworks/Ruby.framework/Versions/2.3/usr/lib/ruby/gems/2.3.0/gems/nokogiri-1.5.6/ext/nokogiri/xml_cdata.c
/Library/Developer/CommandLineTools/SDKs/MacOSX10.14.sdk/System/Library/Frameworks/Ruby.framework/Versions/2.3/usr/lib/ruby/gems/2.3.0/gems/sqlite3-1.3.11/ext/sqlite3/sqlite3.c
/Library/Developer/CommandLineTools/SDKs/MacOSX10.14.sdk/System/Library/Frameworks/Ruby.framework/Versions/2.3/usr/lib/ruby/gems/2.3.0/gems/sqlite3-1.3.11/ext/sqlite3/database.c
/Library/Developer/CommandLineTools/SDKs/MacOSX10.14.sdk/System/Library/Frameworks/Ruby.framework/Versions/2.3/usr/lib/ruby/gems/2.3.0/gems/sqlite3-1.3.11/ext/sqlite3/exception.c
/Library/Developer/CommandLineTools/SDKs/MacOSX10.14.sdk/System/Library/Frameworks/Ruby.framework/Versions/2.3/usr/lib/ruby/gems/2.3.0/gems/sqlite3-1.3.11/ext/sqlite3/backup.c
/Library/Developer/CommandLineTools/SDKs/MacOSX10.14.sdk/System/Library/Frameworks/Ruby.framework/Versions/2.3/usr/lib/ruby/gems/2.3.0/gems/sqlite3-1.3.11/ext/sqlite3/statement.c
/Library/Developer/CommandLineTools/SDKs/MacOSX10.14.sdk/System/Library/Frameworks/Ruby.framework/Versions/2.3/usr/lib/ruby/gems/2.3.0/gems/libxml-ruby-2.9.0/ext/libxml/ruby_xml_document.c
/Library/Developer/CommandLineTools/SDKs/MacOSX10.14.sdk/System/Library/Frameworks/Ruby.framework/Versions/2.3/usr/lib/ruby/gems/2.3.0/gems/libxml-ruby-2.9.0/ext/libxml/ruby_xml_sax_parser.c
/Library/Developer/CommandLineTools/SDKs/MacOSX10.14.sdk/System/Library/Frameworks/Ruby.framework/Versions/2.3/usr/lib/ruby/gems/2.3.0/gems/libxml-ruby-2.9.0/ext/libxml/ruby_xml_parser_options.c
/Library/Developer/CommandLineTools/SDKs/MacOSX10.14.sdk/System/Library/Frameworks/Ruby.framework/Versions/2.3/usr/lib/ruby/gems/2.3.0/gems/libxml-ruby-2.9.0/ext/libxml/ruby_xml_io.c
/Library/Developer/CommandLineTools/SDKs/MacOSX10.14.sdk/System/Library/Frameworks/Ruby.framework/Versions/2.3/usr/lib/ruby/gems/2.3.0/gems/libxml-ruby-2.9.0/ext/libxml/ruby_xml_sax2_handler.c
/Library/Developer/CommandLineTools/SDKs/MacOSX10.14.sdk/System/Library/Frameworks/Ruby.framework/Versions/2.3/usr/lib/ruby/gems/2.3.0/gems/libxml-ruby-2.9.0/ext/libxml/ruby_xml_html_parser_options.c
/Library/Developer/CommandLineTools/SDKs/MacOSX10.14.sdk/System/Library/Frameworks/Ruby.framework/Versions/2.3/usr/lib/ruby/gems/2.3.0/gems/libxml-ruby-2.9.0/ext/libxml/ruby_xml_parser_context.c
/Library/Developer/CommandLineTools/SDKs/MacOSX10.14.sdk/System/Library/Frameworks/Ruby.framework/Versions/2.3/usr/lib/ruby/gems/2.3.0/gems/libxml-ruby-2.9.0/ext/libxml/libxml.c
/Library/Developer/CommandLineTools/SDKs/MacOSX10.14.sdk/System/Library/Frameworks/Ruby.framework/Versions/2.3/usr/lib/ruby/gems/2.3.0/gems/libxml-ruby-2.9.0/ext/libxml/ruby_xml_xinclude.c
/Library/Developer/CommandLineTools/SDKs/MacOSX10.14.sdk/System/Library/Frameworks/Ruby.framework/Versions/2.3/usr/lib/ruby/gems/2.3.0/gems/libxml-ruby-2.9.0/ext/libxml/ruby_xml_xpath.c
/Library/Developer/CommandLineTools/SDKs/MacOSX10.14.sdk/System/Library/Frameworks/Ruby.framework/Versions/2.3/usr/lib/ruby/gems/2.3.0/gems/libxml-ruby-2.9.0/ext/libxml/ruby_xml_writer.c
/Library/Developer/CommandLineTools/SDKs/MacOSX10.14.sdk/System/Library/Frameworks/Ruby.framework/Versions/2.3/usr/lib/ruby/gems/2.3.0/gems/libxml-ruby-2.9.0/ext/libxml/ruby_xml_schema_type.c
/Library/Developer/CommandLineTools/SDKs/MacOSX10.14.sdk/System/Library/Frameworks/Ruby.framework/Versions/2.3/usr/lib/ruby/gems/2.3.0/gems/libxml-ruby-2.9.0/ext/libxml/ruby_xml_html_parser_context.c
/Library/Developer/CommandLineTools/SDKs/MacOSX10.14.sdk/System/Library/Frameworks/Ruby.framework/Versions/2.3/usr/lib/ruby/gems/2.3.0/gems/libxml-ruby-2.9.0/ext/libxml/ruby_xml_node.c
/Library/Developer/CommandLineTools/SDKs/MacOSX10.14.sdk/System/Library/Frameworks/Ruby.framework/Versions/2.3/usr/lib/ruby/gems/2.3.0/gems/libxml-ruby-2.9.0/ext/libxml/ruby_xml_schema_facet.c
/Library/Developer/CommandLineTools/SDKs/MacOSX10.14.sdk/System/Library/Frameworks/Ruby.framework/Versions/2.3/usr/lib/ruby/gems/2.3.0/gems/libxml-ruby-2.9.0/ext/libxml/ruby_xml_html_parser.c
/Library/Developer/CommandLineTools/SDKs/MacOSX10.14.sdk/System/Library/Frameworks/Ruby.framework/Versions/2.3/usr/lib/ruby/gems/2.3.0/gems/libxml-ruby-2.9.0/ext/libxml/ruby_xml_attr.c
/Library/Developer/CommandLineTools/SDKs/MacOSX10.14.sdk/System/Library/Frameworks/Ruby.framework/Versions/2.3/usr/lib/ruby/gems/2.3.0/gems/libxml-ruby-2.9.0/ext/libxml/ruby_xml_namespaces.c
/Library/Developer/CommandLineTools/SDKs/MacOSX10.14.sdk/System/Library/Frameworks/Ruby.framework/Versions/2.3/usr/lib/ruby/gems/2.3.0/gems/libxml-ruby-2.9.0/ext/libxml/ruby_xml_cbg.c
/Library/Developer/CommandLineTools/SDKs/MacOSX10.14.sdk/System/Library/Frameworks/Ruby.framework/Versions/2.3/usr/lib/ruby/gems/2.3.0/gems/libxml-ruby-2.9.0/ext/libxml/ruby_xml_dtd.c
/Library/Developer/CommandLineTools/SDKs/MacOSX10.14.sdk/System/Library/Frameworks/Ruby.framework/Versions/2.3/usr/lib/ruby/gems/2.3.0/gems/libxml-ruby-2.9.0/ext/libxml/ruby_xml_xpath_expression.c
/Library/Developer/CommandLineTools/SDKs/MacOSX10.14.sdk/System/Library/Frameworks/Ruby.framework/Versions/2.3/usr/lib/ruby/gems/2.3.0/gems/libxml-ruby-2.9.0/ext/libxml/ruby_xml_reader.c
/Library/Developer/CommandLineTools/SDKs/MacOSX10.14.sdk/System/Library/Frameworks/Ruby.framework/Versions/2.3/usr/lib/ruby/gems/2.3.0/gems/libxml-ruby-2.9.0/ext/libxml/ruby_xml_xpath_object.c
/Library/Developer/CommandLineTools/SDKs/MacOSX10.14.sdk/System/Library/Frameworks/Ruby.framework/Versions/2.3/usr/lib/ruby/gems/2.3.0/gems/libxml-ruby-2.9.0/ext/libxml/ruby_xml_xpointer.c
/Library/Developer/CommandLineTools/SDKs/MacOSX10.14.sdk/System/Library/Frameworks/Ruby.framework/Versions/2.3/usr/lib/ruby/gems/2.3.0/gems/libxml-ruby-2.9.0/ext/libxml/ruby_xml_schema_element.c
/Library/Developer/CommandLineTools/SDKs/MacOSX10.14.sdk/System/Library/Frameworks/Ruby.framework/Versions/2.3/usr/lib/ruby/gems/2.3.0/gems/libxml-ruby-2.9.0/ext/libxml/ruby_xml_attr_decl.c
/Library/Developer/CommandLineTools/SDKs/MacOSX10.14.sdk/System/Library/Frameworks/Ruby.framework/Versions/2.3/usr/lib/ruby/gems/2.3.0/gems/libxml-ruby-2.9.0/ext/libxml/ruby_xml_schema_attribute.c
/Library/Developer/CommandLineTools/SDKs/MacOSX10.14.sdk/System/Library/Frameworks/Ruby.framework/Versions/2.3/usr/lib/ruby/gems/2.3.0/gems/libxml-ruby-2.9.0/ext/libxml/ruby_xml_relaxng.c
/Library/Developer/CommandLineTools/SDKs/MacOSX10.14.sdk/System/Library/Frameworks/Ruby.framework/Versions/2.3/usr/lib/ruby/gems/2.3.0/gems/libxml-ruby-2.9.0/ext/libxml/ruby_xml_attributes.c
/Library/Developer/CommandLineTools/SDKs/MacOSX10.14.sdk/System/Library/Frameworks/Ruby.framework/Versions/2.3/usr/lib/ruby/gems/2.3.0/gems/libxml-ruby-2.9.0/ext/libxml/ruby_xml_error.c
/Library/Developer/CommandLineTools/SDKs/MacOSX10.14.sdk/System/Library/Frameworks/Ruby.framework/Versions/2.3/usr/lib/ruby/gems/2.3.0/gems/libxml-ruby-2.9.0/ext/libxml/ruby_xml_encoding.c
/Library/Developer/CommandLineTools/SDKs/MacOSX10.14.sdk/System/Library/Frameworks/Ruby.framework/Versions/2.3/usr/lib/ruby/gems/2.3.0/gems/libxml-ruby-2.9.0/ext/libxml/ruby_xml_namespace.c
/Library/Developer/CommandLineTools/SDKs/MacOSX10.14.sdk/System/Library/Frameworks/Ruby.framework/Versions/2.3/usr/lib/ruby/gems/2.3.0/gems/libxml-ruby-2.9.0/ext/libxml/ruby_xml_parser.c
/Library/Developer/CommandLineTools/SDKs/MacOSX10.14.sdk/System/Library/Frameworks/Ruby.framework/Versions/2.3/usr/lib/ruby/gems/2.3.0/gems/libxml-ruby-2.9.0/ext/libxml/ruby_xml.c
/Library/Developer/CommandLineTools/SDKs/MacOSX10.14.sdk/System/Library/Frameworks/Ruby.framework/Versions/2.3/usr/lib/ruby/gems/2.3.0/gems/libxml-ruby-2.9.0/ext/libxml/ruby_xml_input_cbg.c
/Library/Developer/CommandLineTools/SDKs/MacOSX10.14.sdk/System/Library/Frameworks/Ruby.framework/Versions/2.3/usr/lib/ruby/gems/2.3.0/gems/libxml-ruby-2.9.0/ext/libxml/ruby_xml_schema.c
/Library/Developer/CommandLineTools/SDKs/MacOSX10.14.sdk/System/Library/Frameworks/Ruby.framework/Versions/2.3/usr/lib/ruby/gems/2.3.0/gems/libxml-ruby-2.9.0/ext/libxml/ruby_xml_xpath_context.c
/Library/Developer/CommandLineTools/SDKs/MacOSX10.15.sdk/System/Library/Frameworks/Ruby.framework/Versions/2.6/usr/lib/ruby/gems/2.6.0/gems/libxml-ruby-3.1.0/ext/libxml/ruby_xml_document.c
/Library/Developer/CommandLineTools/SDKs/MacOSX10.15.sdk/System/Library/Frameworks/Ruby.framework/Versions/2.6/usr/lib/ruby/gems/2.6.0/gems/libxml-ruby-3.1.0/ext/libxml/ruby_xml_sax_parser.c
/Library/Developer/CommandLineTools/SDKs/MacOSX10.15.sdk/System/Library/Frameworks/Ruby.framework/Versions/2.6/usr/lib/ruby/gems/2.6.0/gems/libxml-ruby-3.1.0/ext/libxml/ruby_xml_parser_options.c
/Library/Developer/CommandLineTools/SDKs/MacOSX10.15.sdk/System/Library/Frameworks/Ruby.framework/Versions/2.6/usr/lib/ruby/gems/2.6.0/gems/libxml-ruby-3.1.0/ext/libxml/ruby_xml_io.c
/Library/Developer/CommandLineTools/SDKs/MacOSX10.15.sdk/System/Library/Frameworks/Ruby.framework/Versions/2.6/usr/lib/ruby/gems/2.6.0/gems/libxml-ruby-3.1.0/ext/libxml/ruby_xml_sax2_handler.c
/Library/Developer/CommandLineTools/SDKs/MacOSX10.15.sdk/System/Library/Frameworks/Ruby.framework/Versions/2.6/usr/lib/ruby/gems/2.6.0/gems/libxml-ruby-3.1.0/ext/libxml/ruby_xml_html_parser_options.c
/Library/Developer/CommandLineTools/SDKs/MacOSX10.15.sdk/System/Library/Frameworks/Ruby.framework/Versions/2.6/usr/lib/ruby/gems/2.6.0/gems/libxml-ruby-3.1.0/ext/libxml/ruby_xml_parser_context.c
/Library/Developer/CommandLineTools/SDKs/MacOSX10.15.sdk/System/Library/Frameworks/Ruby.framework/Versions/2.6/usr/lib/ruby/gems/2.6.0/gems/libxml-ruby-3.1.0/ext/libxml/libxml.c
/Library/Developer/CommandLineTools/SDKs/MacOSX10.15.sdk/System/Library/Frameworks/Ruby.framework/Versions/2.6/usr/lib/ruby/gems/2.6.0/gems/libxml-ruby-3.1.0/ext/libxml/ruby_xml_xinclude.c
/Library/Developer/CommandLineTools/SDKs/MacOSX10.15.sdk/System/Library/Frameworks/Ruby.framework/Versions/2.6/usr/lib/ruby/gems/2.6.0/gems/libxml-ruby-3.1.0/ext/libxml/ruby_xml_xpath.c
/Library/Developer/CommandLineTools/SDKs/MacOSX10.15.sdk/System/Library/Frameworks/Ruby.framework/Versions/2.6/usr/lib/ruby/gems/2.6.0/gems/libxml-ruby-3.1.0/ext/libxml/ruby_xml_writer.c
/Library/Developer/CommandLineTools/SDKs/MacOSX10.15.sdk/System/Library/Frameworks/Ruby.framework/Versions/2.6/usr/lib/ruby/gems/2.6.0/gems/libxml-ruby-3.1.0/ext/libxml/ruby_xml_schema_type.c
/Library/Developer/CommandLineTools/SDKs/MacOSX10.15.sdk/System/Library/Frameworks/Ruby.framework/Versions/2.6/usr/lib/ruby/gems/2.6.0/gems/libxml-ruby-3.1.0/ext/libxml/ruby_xml_html_parser_context.c
/Library/Developer/CommandLineTools/SDKs/MacOSX10.15.sdk/System/Library/Frameworks/Ruby.framework/Versions/2.6/usr/lib/ruby/gems/2.6.0/gems/libxml-ruby-3.1.0/ext/libxml/ruby_xml_node.c
/Library/Developer/CommandLineTools/SDKs/MacOSX10.15.sdk/System/Library/Frameworks/Ruby.framework/Versions/2.6/usr/lib/ruby/gems/2.6.0/gems/libxml-ruby-3.1.0/ext/libxml/ruby_xml_schema_facet.c
/Library/Developer/CommandLineTools/SDKs/MacOSX10.15.sdk/System/Library/Frameworks/Ruby.framework/Versions/2.6/usr/lib/ruby/gems/2.6.0/gems/libxml-ruby-3.1.0/ext/libxml/ruby_xml_html_parser.c
/Library/Developer/CommandLineTools/SDKs/MacOSX10.15.sdk/System/Library/Frameworks/Ruby.framework/Versions/2.6/usr/lib/ruby/gems/2.6.0/gems/libxml-ruby-3.1.0/ext/libxml/ruby_xml_attr.c
/Library/Developer/CommandLineTools/SDKs/MacOSX10.15.sdk/System/Library/Frameworks/Ruby.framework/Versions/2.6/usr/lib/ruby/gems/2.6.0/gems/libxml-ruby-3.1.0/ext/libxml/ruby_xml_namespaces.c
/Library/Developer/CommandLineTools/SDKs/MacOSX10.15.sdk/System/Library/Frameworks/Ruby.framework/Versions/2.6/usr/lib/ruby/gems/2.6.0/gems/libxml-ruby-3.1.0/ext/libxml/ruby_xml_cbg.c
/Library/Developer/CommandLineTools/SDKs/MacOSX10.15.sdk/System/Library/Frameworks/Ruby.framework/Versions/2.6/usr/lib/ruby/gems/2.6.0/gems/libxml-ruby-3.1.0/ext/libxml/ruby_xml_dtd.c
/Library/Developer/CommandLineTools/SDKs/MacOSX10.15.sdk/System/Library/Frameworks/Ruby.framework/Versions/2.6/usr/lib/ruby/gems/2.6.0/gems/libxml-ruby-3.1.0/ext/libxml/ruby_xml_xpath_expression.c
/Library/Developer/CommandLineTools/SDKs/MacOSX10.15.sdk/System/Library/Frameworks/Ruby.framework/Versions/2.6/usr/lib/ruby/gems/2.6.0/gems/libxml-ruby-3.1.0/ext/libxml/ruby_xml_reader.c
/Library/Developer/CommandLineTools/SDKs/MacOSX10.15.sdk/System/Library/Frameworks/Ruby.framework/Versions/2.6/usr/lib/ruby/gems/2.6.0/gems/libxml-ruby-3.1.0/ext/libxml/ruby_xml_xpath_object.c
/Library/Developer/CommandLineTools/SDKs/MacOSX10.15.sdk/System/Library/Frameworks/Ruby.framework/Versions/2.6/usr/lib/ruby/gems/2.6.0/gems/libxml-ruby-3.1.0/ext/libxml/ruby_xml_xpointer.c
/Library/Developer/CommandLineTools/SDKs/MacOSX10.15.sdk/System/Library/Frameworks/Ruby.framework/Versions/2.6/usr/lib/ruby/gems/2.6.0/gems/libxml-ruby-3.1.0/ext/libxml/ruby_xml_schema_element.c
/Library/Developer/CommandLineTools/SDKs/MacOSX10.15.sdk/System/Library/Frameworks/Ruby.framework/Versions/2.6/usr/lib/ruby/gems/2.6.0/gems/libxml-ruby-3.1.0/ext/libxml/ruby_xml_attr_decl.c
/Library/Developer/CommandLineTools/SDKs/MacOSX10.15.sdk/System/Library/Frameworks/Ruby.framework/Versions/2.6/usr/lib/ruby/gems/2.6.0/gems/libxml-ruby-3.1.0/ext/libxml/ruby_xml_schema_attribute.c
/Library/Developer/CommandLineTools/SDKs/MacOSX10.15.sdk/System/Library/Frameworks/Ruby.framework/Versions/2.6/usr/lib/ruby/gems/2.6.0/gems/libxml-ruby-3.1.0/ext/libxml/ruby_xml_relaxng.c
/Library/Developer/CommandLineTools/SDKs/MacOSX10.15.sdk/System/Library/Frameworks/Ruby.framework/Versions/2.6/usr/lib/ruby/gems/2.6.0/gems/libxml-ruby-3.1.0/ext/libxml/ruby_xml_attributes.c
/Library/Developer/CommandLineTools/SDKs/MacOSX10.15.sdk/System/Library/Frameworks/Ruby.framework/Versions/2.6/usr/lib/ruby/gems/2.6.0/gems/libxml-ruby-3.1.0/ext/libxml/ruby_xml_error.c
/Library/Developer/CommandLineTools/SDKs/MacOSX10.15.sdk/System/Library/Frameworks/Ruby.framework/Versions/2.6/usr/lib/ruby/gems/2.6.0/gems/libxml-ruby-3.1.0/ext/libxml/ruby_xml_encoding.c
/Library/Developer/CommandLineTools/SDKs/MacOSX10.15.sdk/System/Library/Frameworks/Ruby.framework/Versions/2.6/usr/lib/ruby/gems/2.6.0/gems/libxml-ruby-3.1.0/ext/libxml/ruby_xml_namespace.c
/Library/Developer/CommandLineTools/SDKs/MacOSX10.15.sdk/System/Library/Frameworks/Ruby.framework/Versions/2.6/usr/lib/ruby/gems/2.6.0/gems/libxml-ruby-3.1.0/ext/libxml/ruby_xml_parser.c
/Library/Developer/CommandLineTools/SDKs/MacOSX10.15.sdk/System/Library/Frameworks/Ruby.framework/Versions/2.6/usr/lib/ruby/gems/2.6.0/gems/libxml-ruby-3.1.0/ext/libxml/ruby_xml.c
/Library/Developer/CommandLineTools/SDKs/MacOSX10.15.sdk/System/Library/Frameworks/Ruby.framework/Versions/2.6/usr/lib/ruby/gems/2.6.0/gems/libxml-ruby-3.1.0/ext/libxml/ruby_xml_input_cbg.c
/Library/Developer/CommandLineTools/SDKs/MacOSX10.15.sdk/System/Library/Frameworks/Ruby.framework/Versions/2.6/usr/lib/ruby/gems/2.6.0/gems/libxml-ruby-3.1.0/ext/libxml/ruby_xml_schema.c
/Library/Developer/CommandLineTools/SDKs/MacOSX10.15.sdk/System/Library/Frameworks/Ruby.framework/Versions/2.6/usr/lib/ruby/gems/2.6.0/gems/libxml-ruby-3.1.0/ext/libxml/ruby_xml_xpath_context.c
/Library/Developer/CommandLineTools/SDKs/MacOSX10.15.sdk/System/Library/Frameworks/Ruby.framework/Versions/2.6/usr/lib/ruby/gems/2.6.0/gems/nokogiri-1.10.1/ext/nokogiri/xml_comment.c
/Library/Developer/CommandLineTools/SDKs/MacOSX10.15.sdk/System/Library/Frameworks/Ruby.framework/Versions/2.6/usr/lib/ruby/gems/2.6.0/gems/nokogiri-1.10.1/ext/nokogiri/xml_element_content.c
/Library/Developer/CommandLineTools/SDKs/MacOSX10.15.sdk/System/Library/Frameworks/Ruby.framework/Versions/2.6/usr/lib/ruby/gems/2.6.0/gems/nokogiri-1.10.1/ext/nokogiri/html_element_description.c
/Library/Developer/CommandLineTools/SDKs/MacOSX10.15.sdk/System/Library/Frameworks/Ruby.framework/Versions/2.6/usr/lib/ruby/gems/2.6.0/gems/nokogiri-1.10.1/ext/nokogiri/nokogiri.c
/Library/Developer/CommandLineTools/SDKs/MacOSX10.15.sdk/System/Library/Frameworks/Ruby.framework/Versions/2.6/usr/lib/ruby/gems/2.6.0/gems/nokogiri-1.10.1/ext/nokogiri/xml_element_decl.c
/Library/Developer/CommandLineTools/SDKs/MacOSX10.15.sdk/System/Library/Frameworks/Ruby.framework/Versions/2.6/usr/lib/ruby/gems/2.6.0/gems/nokogiri-1.10.1/ext/nokogiri/xml_node_set.c
/Library/Developer/CommandLineTools/SDKs/MacOSX10.15.sdk/System/Library/Frameworks/Ruby.framework/Versions/2.6/usr/lib/ruby/gems/2.6.0/gems/nokogiri-1.10.1/ext/nokogiri/xml_namespace.c
/Library/Developer/CommandLineTools/SDKs/MacOSX10.15.sdk/System/Library/Frameworks/Ruby.framework/Versions/2.6/usr/lib/ruby/gems/2.6.0/gems/nokogiri-1.10.1/ext/nokogiri/xml_encoding_handler.c
/Library/Developer/CommandLineTools/SDKs/MacOSX10.15.sdk/System/Library/Frameworks/Ruby.framework/Versions/2.6/usr/lib/ruby/gems/2.6.0/gems/nokogiri-1.10.1/ext/nokogiri/xml_libxml2_hacks.c
/Library/Developer/CommandLineTools/SDKs/MacOSX10.15.sdk/System/Library/Frameworks/Ruby.framework/Versions/2.6/usr/lib/ruby/gems/2.6.0/gems/nokogiri-1.10.1/ext/nokogiri/xml_relax_ng.c
/Library/Developer/CommandLineTools/SDKs/MacOSX10.15.sdk/System/Library/Frameworks/Ruby.framework/Versions/2.6/usr/lib/ruby/gems/2.6.0/gems/nokogiri-1.10.1/ext/nokogiri/xml_sax_push_parser.c
/Library/Developer/CommandLineTools/SDKs/MacOSX10.15.sdk/System/Library/Frameworks/Ruby.framework/Versions/2.6/usr/lib/ruby/gems/2.6.0/gems/nokogiri-1.10.1/ext/nokogiri/html_sax_parser_context.c
/Library/Developer/CommandLineTools/SDKs/MacOSX10.15.sdk/System/Library/Frameworks/Ruby.framework/Versions/2.6/usr/lib/ruby/gems/2.6.0/gems/nokogiri-1.10.1/ext/nokogiri/xslt_stylesheet.c
/Library/Developer/CommandLineTools/SDKs/MacOSX10.15.sdk/System/Library/Frameworks/Ruby.framework/Versions/2.6/usr/lib/ruby/gems/2.6.0/gems/nokogiri-1.10.1/ext/nokogiri/html_document.c
/Library/Developer/CommandLineTools/SDKs/MacOSX10.15.sdk/System/Library/Frameworks/Ruby.framework/Versions/2.6/usr/lib/ruby/gems/2.6.0/gems/nokogiri-1.10.1/ext/nokogiri/xml_sax_parser_context.c
/Library/Developer/CommandLineTools/SDKs/MacOSX10.15.sdk/System/Library/Frameworks/Ruby.framework/Versions/2.6/usr/lib/ruby/gems/2.6.0/gems/nokogiri-1.10.1/ext/nokogiri/xml_xpath_context.c
/Library/Developer/CommandLineTools/SDKs/MacOSX10.15.sdk/System/Library/Frameworks/Ruby.framework/Versions/2.6/usr/lib/ruby/gems/2.6.0/gems/nokogiri-1.10.1/ext/nokogiri/html_entity_lookup.c
/Library/Developer/CommandLineTools/SDKs/MacOSX10.15.sdk/System/Library/Frameworks/Ruby.framework/Versions/2.6/usr/lib/ruby/gems/2.6.0/gems/nokogiri-1.10.1/ext/nokogiri/xml_sax_parser.c
/Library/Developer/CommandLineTools/SDKs/MacOSX10.15.sdk/System/Library/Frameworks/Ruby.framework/Versions/2.6/usr/lib/ruby/gems/2.6.0/gems/nokogiri-1.10.1/ext/nokogiri/xml_reader.c
/Library/Developer/CommandLineTools/SDKs/MacOSX10.15.sdk/System/Library/Frameworks/Ruby.framework/Versions/2.6/usr/lib/ruby/gems/2.6.0/gems/nokogiri-1.10.1/ext/nokogiri/xml_syntax_error.c
/Library/Developer/CommandLineTools/SDKs/MacOSX10.15.sdk/System/Library/Frameworks/Ruby.framework/Versions/2.6/usr/lib/ruby/gems/2.6.0/gems/nokogiri-1.10.1/ext/nokogiri/xml_node.c
/Library/Developer/CommandLineTools/SDKs/MacOSX10.15.sdk/System/Library/Frameworks/Ruby.framework/Versions/2.6/usr/lib/ruby/gems/2.6.0/gems/nokogiri-1.10.1/ext/nokogiri/xml_attr.c
/Library/Developer/CommandLineTools/SDKs/MacOSX10.15.sdk/System/Library/Frameworks/Ruby.framework/Versions/2.6/usr/lib/ruby/gems/2.6.0/gems/nokogiri-1.10.1/ext/nokogiri/html_sax_push_parser.c
/Library/Developer/CommandLineTools/SDKs/MacOSX10.15.sdk/System/Library/Frameworks/Ruby.framework/Versions/2.6/usr/lib/ruby/gems/2.6.0/gems/nokogiri-1.10.1/ext/nokogiri/xml_schema.c
/Library/Developer/CommandLineTools/SDKs/MacOSX10.15.sdk/System/Library/Frameworks/Ruby.framework/Versions/2.6/usr/lib/ruby/gems/2.6.0/gems/nokogiri-1.10.1/ext/nokogiri/xml_dtd.c
/Library/Developer/CommandLineTools/SDKs/MacOSX10.15.sdk/System/Library/Frameworks/Ruby.framework/Versions/2.6/usr/lib/ruby/gems/2.6.0/gems/nokogiri-1.10.1/ext/nokogiri/xml_entity_decl.c
/Library/Developer/CommandLineTools/SDKs/MacOSX10.15.sdk/System/Library/Frameworks/Ruby.framework/Versions/2.6/usr/lib/ruby/gems/2.6.0/gems/nokogiri-1.10.1/ext/nokogiri/xml_attribute_decl.c
/Library/Developer/CommandLineTools/SDKs/MacOSX10.15.sdk/System/Library/Frameworks/Ruby.framework/Versions/2.6/usr/lib/ruby/gems/2.6.0/gems/nokogiri-1.10.1/ext/nokogiri/xml_io.c
/Library/Developer/CommandLineTools/SDKs/MacOSX10.15.sdk/System/Library/Frameworks/Ruby.framework/Versions/2.6/usr/lib/ruby/gems/2.6.0/gems/nokogiri-1.10.1/ext/nokogiri/xml_entity_reference.c
/Library/Developer/CommandLineTools/SDKs/MacOSX10.15.sdk/System/Library/Frameworks/Ruby.framework/Versions/2.6/usr/lib/ruby/gems/2.6.0/gems/nokogiri-1.10.1/ext/nokogiri/xml_processing_instruction.c
/Library/Developer/CommandLineTools/SDKs/MacOSX10.15.sdk/System/Library/Frameworks/Ruby.framework/Versions/2.6/usr/lib/ruby/gems/2.6.0/gems/nokogiri-1.10.1/ext/nokogiri/xml_text.c
/Library/Developer/CommandLineTools/SDKs/MacOSX10.15.sdk/System/Library/Frameworks/Ruby.framework/Versions/2.6/usr/lib/ruby/gems/2.6.0/gems/nokogiri-1.10.1/ext/nokogiri/xml_document_fragment.c
/Library/Developer/CommandLineTools/SDKs/MacOSX10.15.sdk/System/Library/Frameworks/Ruby.framework/Versions/2.6/usr/lib/ruby/gems/2.6.0/gems/nokogiri-1.10.1/ext/nokogiri/xml_document.c
/Library/Developer/CommandLineTools/SDKs/MacOSX10.15.sdk/System/Library/Frameworks/Ruby.framework/Versions/2.6/usr/lib/ruby/gems/2.6.0/gems/nokogiri-1.10.1/ext/nokogiri/xml_cdata.c
/Library/Developer/CommandLineTools/SDKs/MacOSX10.15.sdk/System/Library/Frameworks/Ruby.framework/Versions/2.6/usr/lib/ruby/gems/2.6.0/gems/sqlite3-1.3.13/ext/sqlite3/sqlite3.c
/Library/Developer/CommandLineTools/SDKs/MacOSX10.15.sdk/System/Library/Frameworks/Ruby.framework/Versions/2.6/usr/lib/ruby/gems/2.6.0/gems/sqlite3-1.3.13/ext/sqlite3/database.c
/Library/Developer/CommandLineTools/SDKs/MacOSX10.15.sdk/System/Library/Frameworks/Ruby.framework/Versions/2.6/usr/lib/ruby/gems/2.6.0/gems/sqlite3-1.3.13/ext/sqlite3/exception.c
/Library/Developer/CommandLineTools/SDKs/MacOSX10.15.sdk/System/Library/Frameworks/Ruby.framework/Versions/2.6/usr/lib/ruby/gems/2.6.0/gems/sqlite3-1.3.13/ext/sqlite3/backup.c
/Library/Developer/CommandLineTools/SDKs/MacOSX10.15.sdk/System/Library/Frameworks/Ruby.framework/Versions/2.6/usr/lib/ruby/gems/2.6.0/gems/sqlite3-1.3.13/ext/sqlite3/statement.c
/Library/Developer/CommandLineTools/Library/Frameworks/Python3.framework/Versions/3.7/lib/python3.7/config-3.7m-darwin/config.c
/Library/Frameworks/Mono.framework/Versions/5.16.0/include/glib-2.0/gobject/gobjectnotifyqueue.c
/Library/Frameworks/Mono.framework/Versions/5.16.0/share/gettext/intl/dcigettext.c
/Library/Frameworks/Mono.framework/Versions/5.16.0/share/gettext/intl/gettext.c
/Library/Frameworks/Mono.framework/Versions/5.16.0/share/gettext/intl/log.c
/Library/Frameworks/Mono.framework/Versions/5.16.0/share/gettext/intl/intl-compat.c
/Library/Frameworks/Mono.framework/Versions/5.16.0/share/gettext/intl/printf.c
/Library/Frameworks/Mono.framework/Versions/5.16.0/share/gettext/intl/hash-string.c
/Library/Frameworks/Mono.framework/Versions/5.16.0/share/gettext/intl/explodename.c
/Library/Frameworks/Mono.framework/Versions/5.16.0/share/gettext/intl/printf-args.c
/Library/Frameworks/Mono.framework/Versions/5.16.0/share/gettext/intl/dcgettext.c
/Library/Frameworks/Mono.framework/Versions/5.16.0/share/gettext/intl/textdomain.c
/Library/Frameworks/Mono.framework/Versions/5.16.0/share/gettext/intl/intl-exports.c
/Library/Frameworks/Mono.framework/Versions/5.16.0/share/gettext/intl/ngettext.c
/Library/Frameworks/Mono.framework/Versions/5.16.0/share/gettext/intl/dngettext.c
/Library/Frameworks/Mono.framework/Versions/5.16.0/share/gettext/intl/dgettext.c
/Library/Frameworks/Mono.framework/Versions/5.16.0/share/gettext/intl/relocatable.c
/Library/Frameworks/Mono.framework/Versions/5.16.0/share/gettext/intl/dcngettext.c
/Library/Frameworks/Mono.framework/Versions/5.16.0/share/gettext/intl/os2compat.c
/Library/Frameworks/Mono.framework/Versions/5.16.0/share/gettext/intl/plural-exp.c
/Library/Frameworks/Mono.framework/Versions/5.16.0/share/gettext/intl/setlocale.c
/Library/Frameworks/Mono.framework/Versions/5.16.0/share/gettext/intl/printf-parse.c
/Library/Frameworks/Mono.framework/Versions/5.16.0/share/gettext/intl/vasnprintf.c
/Library/Frameworks/Mono.framework/Versions/5.16.0/share/gettext/intl/bindtextdom.c
/Library/Frameworks/Mono.framework/Versions/5.16.0/share/gettext/intl/tsearch.c
/Library/Frameworks/Mono.framework/Versions/5.16.0/share/gettext/intl/localealias.c
/Library/Frameworks/Mono.framework/Versions/5.16.0/share/gettext/intl/finddomain.c
/Library/Frameworks/Mono.framework/Versions/5.16.0/share/gettext/intl/langprefs.c
/Library/Frameworks/Mono.framework/Versions/5.16.0/share/gettext/intl/plural.c
/Library/Frameworks/Mono.framework/Versions/5.16.0/share/gettext/intl/version.c
/Library/Frameworks/Mono.framework/Versions/5.16.0/share/gettext/intl/osdep.c
/Library/Frameworks/Mono.framework/Versions/5.16.0/share/gettext/intl/localcharset.c
/Library/Frameworks/Mono.framework/Versions/5.16.0/share/gettext/intl/threadlib.c
/Library/Frameworks/Mono.framework/Versions/5.16.0/share/gettext/intl/lock.c
/Library/Frameworks/Mono.framework/Versions/5.16.0/share/gettext/intl/loadmsgcat.c
/Library/Frameworks/Mono.framework/Versions/5.16.0/share/gettext/intl/l10nflist.c
/Library/Frameworks/Mono.framework/Versions/5.16.0/share/gettext/intl/localename.c
/Library/Frameworks/R.framework/Versions/3.6/Resources/library/Matrix/include/Matrix_stubs.c
/Library/Ruby/Gems/2.6.0/gems/rake-12.3.2/doc/example/a.c
/Library/Ruby/Gems/2.6.0/gems/rake-12.3.2/doc/example/main.c
/Library/Ruby/Gems/2.6.0/gems/rake-12.3.2/doc/example/b.c
/System/Library/Templates/Data/Library/Ruby/Gems/2.6.0/gems/rake-12.3.2/doc/example/a.c
/System/Library/Templates/Data/Library/Ruby/Gems/2.6.0/gems/rake-12.3.2/doc/example/main.c
/System/Library/Templates/Data/Library/Ruby/Gems/2.6.0/gems/rake-12.3.2/doc/example/b.c
/System/Library/PrivateFrameworks/WirelessCoexManager.framework/Versions/A/Resources/iRATTest/commands.c
/System/Library/Frameworks/Ruby.framework/Versions/2.6/usr/lib/ruby/gems/2.6.0/gems/libxml-ruby-3.1.0/ext/libxml/ruby_xml_document.c
/System/Library/Frameworks/Ruby.framework/Versions/2.6/usr/lib/ruby/gems/2.6.0/gems/libxml-ruby-3.1.0/ext/libxml/ruby_xml_sax_parser.c
/System/Library/Frameworks/Ruby.framework/Versions/2.6/usr/lib/ruby/gems/2.6.0/gems/libxml-ruby-3.1.0/ext/libxml/ruby_xml_parser_options.c
/System/Library/Frameworks/Ruby.framework/Versions/2.6/usr/lib/ruby/gems/2.6.0/gems/libxml-ruby-3.1.0/ext/libxml/ruby_xml_io.c
/System/Library/Frameworks/Ruby.framework/Versions/2.6/usr/lib/ruby/gems/2.6.0/gems/libxml-ruby-3.1.0/ext/libxml/ruby_xml_sax2_handler.c
/System/Library/Frameworks/Ruby.framework/Versions/2.6/usr/lib/ruby/gems/2.6.0/gems/libxml-ruby-3.1.0/ext/libxml/ruby_xml_html_parser_options.c
/System/Library/Frameworks/Ruby.framework/Versions/2.6/usr/lib/ruby/gems/2.6.0/gems/libxml-ruby-3.1.0/ext/libxml/ruby_xml_parser_context.c
/System/Library/Frameworks/Ruby.framework/Versions/2.6/usr/lib/ruby/gems/2.6.0/gems/libxml-ruby-3.1.0/ext/libxml/libxml.c
/System/Library/Frameworks/Ruby.framework/Versions/2.6/usr/lib/ruby/gems/2.6.0/gems/libxml-ruby-3.1.0/ext/libxml/ruby_xml_xinclude.c
/System/Library/Frameworks/Ruby.framework/Versions/2.6/usr/lib/ruby/gems/2.6.0/gems/libxml-ruby-3.1.0/ext/libxml/ruby_xml_xpath.c
/System/Library/Frameworks/Ruby.framework/Versions/2.6/usr/lib/ruby/gems/2.6.0/gems/libxml-ruby-3.1.0/ext/libxml/ruby_xml_writer.c
/System/Library/Frameworks/Ruby.framework/Versions/2.6/usr/lib/ruby/gems/2.6.0/gems/libxml-ruby-3.1.0/ext/libxml/ruby_xml_schema_type.c
/System/Library/Frameworks/Ruby.framework/Versions/2.6/usr/lib/ruby/gems/2.6.0/gems/libxml-ruby-3.1.0/ext/libxml/ruby_xml_html_parser_context.c
/System/Library/Frameworks/Ruby.framework/Versions/2.6/usr/lib/ruby/gems/2.6.0/gems/libxml-ruby-3.1.0/ext/libxml/ruby_xml_node.c
/System/Library/Frameworks/Ruby.framework/Versions/2.6/usr/lib/ruby/gems/2.6.0/gems/libxml-ruby-3.1.0/ext/libxml/ruby_xml_schema_facet.c
/System/Library/Frameworks/Ruby.framework/Versions/2.6/usr/lib/ruby/gems/2.6.0/gems/libxml-ruby-3.1.0/ext/libxml/ruby_xml_html_parser.c
/System/Library/Frameworks/Ruby.framework/Versions/2.6/usr/lib/ruby/gems/2.6.0/gems/libxml-ruby-3.1.0/ext/libxml/ruby_xml_attr.c
/System/Library/Frameworks/Ruby.framework/Versions/2.6/usr/lib/ruby/gems/2.6.0/gems/libxml-ruby-3.1.0/ext/libxml/ruby_xml_namespaces.c
/System/Library/Frameworks/Ruby.framework/Versions/2.6/usr/lib/ruby/gems/2.6.0/gems/libxml-ruby-3.1.0/ext/libxml/ruby_xml_cbg.c
/System/Library/Frameworks/Ruby.framework/Versions/2.6/usr/lib/ruby/gems/2.6.0/gems/libxml-ruby-3.1.0/ext/libxml/ruby_xml_dtd.c
/System/Library/Frameworks/Ruby.framework/Versions/2.6/usr/lib/ruby/gems/2.6.0/gems/libxml-ruby-3.1.0/ext/libxml/ruby_xml_xpath_expression.c
/System/Library/Frameworks/Ruby.framework/Versions/2.6/usr/lib/ruby/gems/2.6.0/gems/libxml-ruby-3.1.0/ext/libxml/ruby_xml_reader.c
/System/Library/Frameworks/Ruby.framework/Versions/2.6/usr/lib/ruby/gems/2.6.0/gems/libxml-ruby-3.1.0/ext/libxml/ruby_xml_xpath_object.c
/System/Library/Frameworks/Ruby.framework/Versions/2.6/usr/lib/ruby/gems/2.6.0/gems/libxml-ruby-3.1.0/ext/libxml/ruby_xml_xpointer.c
/System/Library/Frameworks/Ruby.framework/Versions/2.6/usr/lib/ruby/gems/2.6.0/gems/libxml-ruby-3.1.0/ext/libxml/ruby_xml_schema_element.c
/System/Library/Frameworks/Ruby.framework/Versions/2.6/usr/lib/ruby/gems/2.6.0/gems/libxml-ruby-3.1.0/ext/libxml/ruby_xml_attr_decl.c
/System/Library/Frameworks/Ruby.framework/Versions/2.6/usr/lib/ruby/gems/2.6.0/gems/libxml-ruby-3.1.0/ext/libxml/ruby_xml_schema_attribute.c
/System/Library/Frameworks/Ruby.framework/Versions/2.6/usr/lib/ruby/gems/2.6.0/gems/libxml-ruby-3.1.0/ext/libxml/ruby_xml_relaxng.c
/System/Library/Frameworks/Ruby.framework/Versions/2.6/usr/lib/ruby/gems/2.6.0/gems/libxml-ruby-3.1.0/ext/libxml/ruby_xml_attributes.c
/System/Library/Frameworks/Ruby.framework/Versions/2.6/usr/lib/ruby/gems/2.6.0/gems/libxml-ruby-3.1.0/ext/libxml/ruby_xml_error.c
/System/Library/Frameworks/Ruby.framework/Versions/2.6/usr/lib/ruby/gems/2.6.0/gems/libxml-ruby-3.1.0/ext/libxml/ruby_xml_encoding.c
/System/Library/Frameworks/Ruby.framework/Versions/2.6/usr/lib/ruby/gems/2.6.0/gems/libxml-ruby-3.1.0/ext/libxml/ruby_xml_namespace.c
/System/Library/Frameworks/Ruby.framework/Versions/2.6/usr/lib/ruby/gems/2.6.0/gems/libxml-ruby-3.1.0/ext/libxml/ruby_xml_parser.c
/System/Library/Frameworks/Ruby.framework/Versions/2.6/usr/lib/ruby/gems/2.6.0/gems/libxml-ruby-3.1.0/ext/libxml/ruby_xml.c
/System/Library/Frameworks/Ruby.framework/Versions/2.6/usr/lib/ruby/gems/2.6.0/gems/libxml-ruby-3.1.0/ext/libxml/ruby_xml_input_cbg.c
/System/Library/Frameworks/Ruby.framework/Versions/2.6/usr/lib/ruby/gems/2.6.0/gems/libxml-ruby-3.1.0/ext/libxml/ruby_xml_schema.c
/System/Library/Frameworks/Ruby.framework/Versions/2.6/usr/lib/ruby/gems/2.6.0/gems/libxml-ruby-3.1.0/ext/libxml/ruby_xml_xpath_context.c
/System/Library/Frameworks/Ruby.framework/Versions/2.6/usr/lib/ruby/gems/2.6.0/gems/nokogiri-1.10.1/ext/nokogiri/xml_comment.c
/System/Library/Frameworks/Ruby.framework/Versions/2.6/usr/lib/ruby/gems/2.6.0/gems/nokogiri-1.10.1/ext/nokogiri/xml_element_content.c
/System/Library/Frameworks/Ruby.framework/Versions/2.6/usr/lib/ruby/gems/2.6.0/gems/nokogiri-1.10.1/ext/nokogiri/html_element_description.c
/System/Library/Frameworks/Ruby.framework/Versions/2.6/usr/lib/ruby/gems/2.6.0/gems/nokogiri-1.10.1/ext/nokogiri/nokogiri.c
/System/Library/Frameworks/Ruby.framework/Versions/2.6/usr/lib/ruby/gems/2.6.0/gems/nokogiri-1.10.1/ext/nokogiri/xml_element_decl.c
/System/Library/Frameworks/Ruby.framework/Versions/2.6/usr/lib/ruby/gems/2.6.0/gems/nokogiri-1.10.1/ext/nokogiri/xml_node_set.c
/System/Library/Frameworks/Ruby.framework/Versions/2.6/usr/lib/ruby/gems/2.6.0/gems/nokogiri-1.10.1/ext/nokogiri/xml_namespace.c
/System/Library/Frameworks/Ruby.framework/Versions/2.6/usr/lib/ruby/gems/2.6.0/gems/nokogiri-1.10.1/ext/nokogiri/xml_encoding_handler.c
/System/Library/Frameworks/Ruby.framework/Versions/2.6/usr/lib/ruby/gems/2.6.0/gems/nokogiri-1.10.1/ext/nokogiri/xml_libxml2_hacks.c
/System/Library/Frameworks/Ruby.framework/Versions/2.6/usr/lib/ruby/gems/2.6.0/gems/nokogiri-1.10.1/ext/nokogiri/xml_relax_ng.c
/System/Library/Frameworks/Ruby.framework/Versions/2.6/usr/lib/ruby/gems/2.6.0/gems/nokogiri-1.10.1/ext/nokogiri/xml_sax_push_parser.c
/System/Library/Frameworks/Ruby.framework/Versions/2.6/usr/lib/ruby/gems/2.6.0/gems/nokogiri-1.10.1/ext/nokogiri/html_sax_parser_context.c
/System/Library/Frameworks/Ruby.framework/Versions/2.6/usr/lib/ruby/gems/2.6.0/gems/nokogiri-1.10.1/ext/nokogiri/xslt_stylesheet.c
/System/Library/Frameworks/Ruby.framework/Versions/2.6/usr/lib/ruby/gems/2.6.0/gems/nokogiri-1.10.1/ext/nokogiri/html_document.c
/System/Library/Frameworks/Ruby.framework/Versions/2.6/usr/lib/ruby/gems/2.6.0/gems/nokogiri-1.10.1/ext/nokogiri/xml_sax_parser_context.c
/System/Library/Frameworks/Ruby.framework/Versions/2.6/usr/lib/ruby/gems/2.6.0/gems/nokogiri-1.10.1/ext/nokogiri/xml_xpath_context.c
/System/Library/Frameworks/Ruby.framework/Versions/2.6/usr/lib/ruby/gems/2.6.0/gems/nokogiri-1.10.1/ext/nokogiri/html_entity_lookup.c
/System/Library/Frameworks/Ruby.framework/Versions/2.6/usr/lib/ruby/gems/2.6.0/gems/nokogiri-1.10.1/ext/nokogiri/xml_sax_parser.c
/System/Library/Frameworks/Ruby.framework/Versions/2.6/usr/lib/ruby/gems/2.6.0/gems/nokogiri-1.10.1/ext/nokogiri/xml_reader.c
/System/Library/Frameworks/Ruby.framework/Versions/2.6/usr/lib/ruby/gems/2.6.0/gems/nokogiri-1.10.1/ext/nokogiri/xml_syntax_error.c
/System/Library/Frameworks/Ruby.framework/Versions/2.6/usr/lib/ruby/gems/2.6.0/gems/nokogiri-1.10.1/ext/nokogiri/xml_node.c
/System/Library/Frameworks/Ruby.framework/Versions/2.6/usr/lib/ruby/gems/2.6.0/gems/nokogiri-1.10.1/ext/nokogiri/xml_attr.c
/System/Library/Frameworks/Ruby.framework/Versions/2.6/usr/lib/ruby/gems/2.6.0/gems/nokogiri-1.10.1/ext/nokogiri/html_sax_push_parser.c
/System/Library/Frameworks/Ruby.framework/Versions/2.6/usr/lib/ruby/gems/2.6.0/gems/nokogiri-1.10.1/ext/nokogiri/xml_schema.c
/System/Library/Frameworks/Ruby.framework/Versions/2.6/usr/lib/ruby/gems/2.6.0/gems/nokogiri-1.10.1/ext/nokogiri/xml_dtd.c
/System/Library/Frameworks/Ruby.framework/Versions/2.6/usr/lib/ruby/gems/2.6.0/gems/nokogiri-1.10.1/ext/nokogiri/xml_entity_decl.c
/System/Library/Frameworks/Ruby.framework/Versions/2.6/usr/lib/ruby/gems/2.6.0/gems/nokogiri-1.10.1/ext/nokogiri/xml_attribute_decl.c
/System/Library/Frameworks/Ruby.framework/Versions/2.6/usr/lib/ruby/gems/2.6.0/gems/nokogiri-1.10.1/ext/nokogiri/xml_io.c
/System/Library/Frameworks/Ruby.framework/Versions/2.6/usr/lib/ruby/gems/2.6.0/gems/nokogiri-1.10.1/ext/nokogiri/xml_entity_reference.c
/System/Library/Frameworks/Ruby.framework/Versions/2.6/usr/lib/ruby/gems/2.6.0/gems/nokogiri-1.10.1/ext/nokogiri/xml_processing_instruction.c
/System/Library/Frameworks/Ruby.framework/Versions/2.6/usr/lib/ruby/gems/2.6.0/gems/nokogiri-1.10.1/ext/nokogiri/xml_text.c
/System/Library/Frameworks/Ruby.framework/Versions/2.6/usr/lib/ruby/gems/2.6.0/gems/nokogiri-1.10.1/ext/nokogiri/xml_document_fragment.c
/System/Library/Frameworks/Ruby.framework/Versions/2.6/usr/lib/ruby/gems/2.6.0/gems/nokogiri-1.10.1/ext/nokogiri/xml_document.c
/System/Library/Frameworks/Ruby.framework/Versions/2.6/usr/lib/ruby/gems/2.6.0/gems/nokogiri-1.10.1/ext/nokogiri/xml_cdata.c
/System/Library/Frameworks/Ruby.framework/Versions/2.6/usr/lib/ruby/gems/2.6.0/gems/sqlite3-1.3.13/ext/sqlite3/sqlite3.c
/System/Library/Frameworks/Ruby.framework/Versions/2.6/usr/lib/ruby/gems/2.6.0/gems/sqlite3-1.3.13/ext/sqlite3/database.c
/System/Library/Frameworks/Ruby.framework/Versions/2.6/usr/lib/ruby/gems/2.6.0/gems/sqlite3-1.3.13/ext/sqlite3/exception.c
/System/Library/Frameworks/Ruby.framework/Versions/2.6/usr/lib/ruby/gems/2.6.0/gems/sqlite3-1.3.13/ext/sqlite3/backup.c
/System/Library/Frameworks/Ruby.framework/Versions/2.6/usr/lib/ruby/gems/2.6.0/gems/sqlite3-1.3.13/ext/sqlite3/statement.c
/System/Library/Frameworks/Tk.framework/Versions/8.5/Resources/Scripts/tkAppInit.c
/System/Library/Frameworks/Python.framework/Versions/2.7/lib/python2.7/distutils/tests/xxmodule.c
/System/Library/Frameworks/Python.framework/Versions/2.7/lib/python2.7/config/config.c
/System/Library/Frameworks/Python.framework/Versions/2.7/Extras/lib/python/py2app/apptemplate/src/main.c
/System/Library/Frameworks/Python.framework/Versions/2.7/Extras/lib/python/numpy/distutils/tests/swig_ext/src/example.c
/System/Library/Frameworks/Python.framework/Versions/2.7/Extras/lib/python/numpy/distutils/mingw/gfortran_vs2003_hack.c
/System/Library/Frameworks/Python.framework/Versions/2.7/Extras/lib/python/numpy/f2py/tests/src/array_from_pyobj/wrapmodule.c
/System/Library/Frameworks/Python.framework/Versions/2.7/Extras/lib/python/numpy/f2py/src/fortranobject.c
/System/Library/Frameworks/Python.framework/Versions/2.7/Extras/lib/python/scipy/weave/examples/ramp.c
/System/Library/Frameworks/Python.framework/Versions/2.7/Extras/lib/python/scipy/fftpack/tests/fftw_dct.c
/System/Library/Frameworks/Tcl.framework/Versions/8.5/Resources/Scripts/tclAppInit.c
/System/Volumes/Data/usr/local/lib/python3.7/site-packages/markupsafe/_speedups.c
/System/Volumes/Data/usr/local/lib/python3.7/site-packages/Cython/Debugger/Tests/cfuncs.c
/System/Volumes/Data/usr/local/lib/python3.7/site-packages/Cython/Utility/ObjectHandling.c
/System/Volumes/Data/usr/local/lib/python3.7/site-packages/Cython/Utility/Buffer.c
/System/Volumes/Data/usr/local/lib/python3.7/site-packages/Cython/Utility/Builtins.c
/System/Volumes/Data/usr/local/lib/python3.7/site-packages/Cython/Utility/Overflow.c
/System/Volumes/Data/usr/local/lib/python3.7/site-packages/Cython/Utility/Capsule.c
/System/Volumes/Data/usr/local/lib/python3.7/site-packages/Cython/Utility/FunctionArguments.c
/System/Volumes/Data/usr/local/lib/python3.7/site-packages/Cython/Utility/TestUtilityLoader.c
/System/Volumes/Data/usr/local/lib/python3.7/site-packages/Cython/Utility/MemoryView_C.c
/System/Volumes/Data/usr/local/lib/python3.7/site-packages/Cython/Utility/Printing.c
/System/Volumes/Data/usr/local/lib/python3.7/site-packages/Cython/Utility/CythonFunction.c
/System/Volumes/Data/usr/local/lib/python3.7/site-packages/Cython/Utility/Complex.c
/System/Volumes/Data/usr/local/lib/python3.7/site-packages/Cython/Utility/StringTools.c
/System/Volumes/Data/usr/local/lib/python3.7/site-packages/Cython/Utility/ImportExport.c
/System/Volumes/Data/usr/local/lib/python3.7/site-packages/Cython/Utility/CMath.c
/System/Volumes/Data/usr/local/lib/python3.7/site-packages/Cython/Utility/CommonStructures.c
/System/Volumes/Data/usr/local/lib/python3.7/site-packages/Cython/Utility/Embed.c
/System/Volumes/Data/usr/local/lib/python3.7/site-packages/Cython/Utility/ExtensionTypes.c
/System/Volumes/Data/usr/local/lib/python3.7/site-packages/Cython/Utility/Optimize.c
/System/Volumes/Data/usr/local/lib/python3.7/site-packages/Cython/Utility/ModuleSetupCode.c
/System/Volumes/Data/usr/local/lib/python3.7/site-packages/Cython/Utility/Profile.c
/System/Volumes/Data/usr/local/lib/python3.7/site-packages/Cython/Utility/Exceptions.c
/System/Volumes/Data/usr/local/lib/python3.7/site-packages/Cython/Utility/AsyncGen.c
/System/Volumes/Data/usr/local/lib/python3.7/site-packages/Cython/Utility/TypeConversion.c
/System/Volumes/Data/usr/local/lib/python3.7/site-packages/Cython/Utility/Coroutine.c
/System/Volumes/Data/usr/local/lib/python3.7/site-packages/numpy/distutils/mingw/gfortran_vs2003_hack.c
/System/Volumes/Data/usr/local/lib/python3.7/site-packages/numpy/f2py/tests/src/array_from_pyobj/wrapmodule.c
/System/Volumes/Data/usr/local/lib/python3.7/site-packages/numpy/f2py/src/fortranobject.c
/System/Volumes/Data/usr/local/lib/python3.7/site-packages/tensorflow/include/external/boringssl/src/crypto/fipsmodule/md4/md4.c
/System/Volumes/Data/usr/local/lib/python3.7/site-packages/tensorflow/include/external/boringssl/src/crypto/fipsmodule/hmac/hmac.c
/System/Volumes/Data/usr/local/lib/python3.7/site-packages/tensorflow/include/external/boringssl/src/crypto/fipsmodule/md5/md5.c
/System/Volumes/Data/usr/local/lib/python3.7/site-packages/tensorflow/include/external/boringssl/src/crypto/fipsmodule/des/des.c
/System/Volumes/Data/usr/local/lib/python3.7/site-packages/tensorflow/include/external/boringssl/src/crypto/fipsmodule/ecdsa/ecdsa.c
/System/Volumes/Data/usr/local/lib/python3.7/site-packages/tensorflow/include/external/boringssl/src/crypto/fipsmodule/modes/cbc.c
/System/Volumes/Data/usr/local/lib/python3.7/site-packages/tensorflow/include/external/boringssl/src/crypto/fipsmodule/modes/gcm.c
/System/Volumes/Data/usr/local/lib/python3.7/site-packages/tensorflow/include/external/boringssl/src/crypto/fipsmodule/modes/ccm.c
/System/Volumes/Data/usr/local/lib/python3.7/site-packages/tensorflow/include/external/boringssl/src/crypto/fipsmodule/modes/ofb.c
/System/Volumes/Data/usr/local/lib/python3.7/site-packages/tensorflow/include/external/boringssl/src/crypto/fipsmodule/modes/polyval.c
/System/Volumes/Data/usr/local/lib/python3.7/site-packages/tensorflow/include/external/boringssl/src/crypto/fipsmodule/modes/ctr.c
/System/Volumes/Data/usr/local/lib/python3.7/site-packages/tensorflow/include/external/boringssl/src/crypto/fipsmodule/modes/cfb.c
/System/Volumes/Data/usr/local/lib/python3.7/site-packages/tensorflow/include/external/boringssl/src/crypto/fipsmodule/digest/digest.c
/System/Volumes/Data/usr/local/lib/python3.7/site-packages/tensorflow/include/external/boringssl/src/crypto/fipsmodule/digest/digests.c
/System/Volumes/Data/usr/local/lib/python3.7/site-packages/tensorflow/include/external/boringssl/src/crypto/fipsmodule/rsa/rsa.c
/System/Volumes/Data/usr/local/lib/python3.7/site-packages/tensorflow/include/external/boringssl/src/crypto/fipsmodule/rsa/padding.c
/System/Volumes/Data/usr/local/lib/python3.7/site-packages/tensorflow/include/external/boringssl/src/crypto/fipsmodule/rsa/blinding.c
/System/Volumes/Data/usr/local/lib/python3.7/site-packages/tensorflow/include/external/boringssl/src/crypto/fipsmodule/rsa/rsa_impl.c
/System/Volumes/Data/usr/local/lib/python3.7/site-packages/tensorflow/include/external/boringssl/src/crypto/fipsmodule/ec/ec_montgomery.c
/System/Volumes/Data/usr/local/lib/python3.7/site-packages/tensorflow/include/external/boringssl/src/crypto/fipsmodule/ec/ec.c
/System/Volumes/Data/usr/local/lib/python3.7/site-packages/tensorflow/include/external/boringssl/src/crypto/fipsmodule/ec/util.c
/System/Volumes/Data/usr/local/lib/python3.7/site-packages/tensorflow/include/external/boringssl/src/crypto/fipsmodule/ec/p224-64.c
/System/Volumes/Data/usr/local/lib/python3.7/site-packages/tensorflow/include/external/boringssl/src/crypto/fipsmodule/ec/p256-x86_64.c
/System/Volumes/Data/usr/local/lib/python3.7/site-packages/tensorflow/include/external/boringssl/src/crypto/fipsmodule/ec/oct.c
/System/Volumes/Data/usr/local/lib/python3.7/site-packages/tensorflow/include/external/boringssl/src/crypto/fipsmodule/ec/wnaf.c
/System/Volumes/Data/usr/local/lib/python3.7/site-packages/tensorflow/include/external/boringssl/src/crypto/fipsmodule/ec/simple_mul.c
/System/Volumes/Data/usr/local/lib/python3.7/site-packages/tensorflow/include/external/boringssl/src/crypto/fipsmodule/ec/ec_key.c
/System/Volumes/Data/usr/local/lib/python3.7/site-packages/tensorflow/include/external/boringssl/src/crypto/fipsmodule/ec/simple.c
/System/Volumes/Data/usr/local/lib/python3.7/site-packages/tensorflow/include/external/boringssl/src/crypto/fipsmodule/ec/felem.c
/System/Volumes/Data/usr/local/lib/python3.7/site-packages/tensorflow/include/external/boringssl/src/crypto/fipsmodule/ec/scalar.c
/System/Volumes/Data/usr/local/lib/python3.7/site-packages/tensorflow/include/external/boringssl/src/crypto/fipsmodule/cipher/aead.c
/System/Volumes/Data/usr/local/lib/python3.7/site-packages/tensorflow/include/external/boringssl/src/crypto/fipsmodule/cipher/e_des.c
/System/Volumes/Data/usr/local/lib/python3.7/site-packages/tensorflow/include/external/boringssl/src/crypto/fipsmodule/cipher/e_aes.c
/System/Volumes/Data/usr/local/lib/python3.7/site-packages/tensorflow/include/external/boringssl/src/crypto/fipsmodule/cipher/cipher.c
/System/Volumes/Data/usr/local/lib/python3.7/site-packages/tensorflow/include/external/boringssl/src/crypto/fipsmodule/tls/kdf.c
/System/Volumes/Data/usr/local/lib/python3.7/site-packages/tensorflow/include/external/boringssl/src/crypto/fipsmodule/bn/mul.c
/System/Volumes/Data/usr/local/lib/python3.7/site-packages/tensorflow/include/external/boringssl/src/crypto/fipsmodule/bn/gcd.c
/System/Volumes/Data/usr/local/lib/python3.7/site-packages/tensorflow/include/external/boringssl/src/crypto/fipsmodule/bn/shift.c
/System/Volumes/Data/usr/local/lib/python3.7/site-packages/tensorflow/include/external/boringssl/src/crypto/fipsmodule/bn/asm/x86_64-gcc.c
/System/Volumes/Data/usr/local/lib/python3.7/site-packages/tensorflow/include/external/boringssl/src/crypto/fipsmodule/bn/montgomery.c
/System/Volumes/Data/usr/local/lib/python3.7/site-packages/tensorflow/include/external/boringssl/src/crypto/fipsmodule/bn/gcd_extra.c
/System/Volumes/Data/usr/local/lib/python3.7/site-packages/tensorflow/include/external/boringssl/src/crypto/fipsmodule/bn/bytes.c
/System/Volumes/Data/usr/local/lib/python3.7/site-packages/tensorflow/include/external/boringssl/src/crypto/fipsmodule/bn/jacobi.c
/System/Volumes/Data/usr/local/lib/python3.7/site-packages/tensorflow/include/external/boringssl/src/crypto/fipsmodule/bn/exponentiation.c
/System/Volumes/Data/usr/local/lib/python3.7/site-packages/tensorflow/include/external/boringssl/src/crypto/fipsmodule/bn/random.c
/System/Volumes/Data/usr/local/lib/python3.7/site-packages/tensorflow/include/external/boringssl/src/crypto/fipsmodule/bn/div.c
/System/Volumes/Data/usr/local/lib/python3.7/site-packages/tensorflow/include/external/boringssl/src/crypto/fipsmodule/bn/div_extra.c
/System/Volumes/Data/usr/local/lib/python3.7/site-packages/tensorflow/include/external/boringssl/src/crypto/fipsmodule/bn/ctx.c
/System/Volumes/Data/usr/local/lib/python3.7/site-packages/tensorflow/include/external/boringssl/src/crypto/fipsmodule/bn/sqrt.c
/System/Volumes/Data/usr/local/lib/python3.7/site-packages/tensorflow/include/external/boringssl/src/crypto/fipsmodule/bn/bn.c
/System/Volumes/Data/usr/local/lib/python3.7/site-packages/tensorflow/include/external/boringssl/src/crypto/fipsmodule/bn/generic.c
/System/Volumes/Data/usr/local/lib/python3.7/site-packages/tensorflow/include/external/boringssl/src/crypto/fipsmodule/bn/prime.c
/System/Volumes/Data/usr/local/lib/python3.7/site-packages/tensorflow/include/external/boringssl/src/crypto/fipsmodule/bn/cmp.c
/System/Volumes/Data/usr/local/lib/python3.7/site-packages/tensorflow/include/external/boringssl/src/crypto/fipsmodule/bn/add.c
/System/Volumes/Data/usr/local/lib/python3.7/site-packages/tensorflow/include/external/boringssl/src/crypto/fipsmodule/bn/montgomery_inv.c
/System/Volumes/Data/usr/local/lib/python3.7/site-packages/tensorflow/include/external/boringssl/src/crypto/fipsmodule/bn/rsaz_exp.c
/System/Volumes/Data/usr/local/lib/python3.7/site-packages/tensorflow/include/external/boringssl/src/crypto/fipsmodule/sha/sha1.c
/System/Volumes/Data/usr/local/lib/python3.7/site-packages/tensorflow/include/external/boringssl/src/crypto/fipsmodule/sha/sha256.c
/System/Volumes/Data/usr/local/lib/python3.7/site-packages/tensorflow/include/external/boringssl/src/crypto/fipsmodule/sha/sha512.c
/System/Volumes/Data/usr/local/lib/python3.7/site-packages/tensorflow/include/external/boringssl/src/crypto/fipsmodule/sha/sha1-altivec.c
/System/Volumes/Data/usr/local/lib/python3.7/site-packages/tensorflow/include/external/boringssl/src/crypto/fipsmodule/ecdh/ecdh.c
/System/Volumes/Data/usr/local/lib/python3.7/site-packages/tensorflow/include/external/boringssl/src/crypto/fipsmodule/rand/rand.c
/System/Volumes/Data/usr/local/lib/python3.7/site-packages/tensorflow/include/external/boringssl/src/crypto/fipsmodule/rand/ctrdrbg.c
/System/Volumes/Data/usr/local/lib/python3.7/site-packages/tensorflow/include/external/boringssl/src/crypto/fipsmodule/rand/urandom.c
/System/Volumes/Data/usr/local/lib/python3.7/site-packages/tensorflow/include/external/boringssl/src/crypto/fipsmodule/self_check/self_check.c
/System/Volumes/Data/usr/local/lib/python3.7/site-packages/tensorflow/include/external/boringssl/src/crypto/fipsmodule/aes/aes.c
/System/Volumes/Data/usr/local/lib/python3.7/site-packages/tensorflow/include/external/boringssl/src/crypto/fipsmodule/aes/mode_wrappers.c
/System/Volumes/Data/usr/local/lib/python3.7/site-packages/tensorflow/include/external/boringssl/src/crypto/fipsmodule/aes/key_wrap.c
/System/Volumes/Data/usr/local/lib/python3.7/site-packages/tensorflow/include/external/boringssl/src/third_party/fiat/p256.c
/System/Volumes/Data/usr/local/lib/python3.7/site-packages/tensorflow/include/external/jpeg/jccolext.c
/System/Volumes/Data/usr/local/lib/python3.7/site-packages/tensorflow/include/external/jpeg/jdmrg565.c
/System/Volumes/Data/usr/local/lib/python3.7/site-packages/tensorflow/include/external/jpeg/jstdhuff.c
/System/Volumes/Data/usr/local/lib/python3.7/site-packages/tensorflow/include/external/jpeg/jdcolext.c
/System/Volumes/Data/usr/local/lib/python3.7/site-packages/tensorflow/include/external/jpeg/jdmrgext.c
/System/Volumes/Data/usr/local/lib/python3.7/site-packages/tensorflow/include/external/jpeg/jdcol565.c
/System/Volumes/Data/usr/local/lib/python3.7/site-packages/atari_py/ale_interface/build/CMakeFiles/3.12.0/CompilerIdC/CMakeCCompilerId.c
/System/Volumes/Data/usr/local/lib/python3.7/site-packages/atari_py/ale_interface/build/CMakeFiles/feature_tests.c
/System/Volumes/Data/usr/local/lib/python3.7/site-packages/atari_py/ale_interface/src/external/TinyMT/tinymt32.c
/System/Volumes/Data/usr/local/lib/python3.7/site-packages/atari_py/ale_interface/src/emucore/unzip.c
/System/Volumes/Data/usr/local/lib/python3.7/site-packages/atari_py/ale_interface/src/emucore/rsynth/darray.c
/System/Volumes/Data/usr/local/lib/python3.7/site-packages/atari_py/ale_interface/src/emucore/rsynth/holmes.c
/System/Volumes/Data/usr/local/lib/python3.7/site-packages/atari_py/ale_interface/src/emucore/rsynth/phtoelm.c
/System/Volumes/Data/usr/local/lib/python3.7/site-packages/atari_py/ale_interface/src/emucore/rsynth/trie.c
/System/Volumes/Data/usr/local/lib/python3.7/site-packages/atari_py/ale_interface/src/emucore/rsynth/opsynth.c
/System/Volumes/Data/usr/local/lib/python3.7/site-packages/atari_py/ale_interface/src/emucore/rsynth/elements.c
/System/Volumes/Data/usr/local/lib/python3.7/site-packages/atari_py/ale_interface/src/emucore/rsynth/phones.c
/System/Volumes/Data/usr/local/lib/python3.7/site-packages/scipy/integrate/tests/_test_multivariate.c
/System/Volumes/Data/usr/local/lib/python3.7/site-packages/scipy/fftpack/tests/fftw_dct.c
/System/Volumes/Data/usr/local/lib/python3.7/site-packages/pbr/tests/testpackage/src/testext.c
/System/Volumes/Data/usr/local/lib/python3.7/site-packages/zmq/backend/cffi/_verify.c
/System/Volumes/Data/usr/local/lib/tk8.6/tkAppInit.c
/System/Volumes/Data/usr/local/lib/tcl8.6/tclAppInit.c
/System/Volumes/Data/usr/local/Cellar/ncurses/6.1/test/testcurs.c
/System/Volumes/Data/usr/local/Cellar/ncurses/6.1/test/key_names.c
/System/Volumes/Data/usr/local/Cellar/ncurses/6.1/test/xmas.c
/System/Volumes/Data/usr/local/Cellar/ncurses/6.1/test/firework.c
/System/Volumes/Data/usr/local/Cellar/ncurses/6.1/test/test_instr.c
/System/Volumes/Data/usr/local/Cellar/ncurses/6.1/test/demo_panels.c
/System/Volumes/Data/usr/local/Cellar/ncurses/6.1/test/test_sgr.c
/System/Volumes/Data/usr/local/Cellar/ncurses/6.1/test/sp_tinfo.c
/System/Volumes/Data/usr/local/Cellar/ncurses/6.1/test/edit_field.c
/System/Volumes/Data/usr/local/Cellar/ncurses/6.1/test/dots_xcurses.c
/System/Volumes/Data/usr/local/Cellar/ncurses/6.1/test/picsmap.c
/System/Volumes/Data/usr/local/Cellar/ncurses/6.1/test/dots.c
/System/Volumes/Data/usr/local/Cellar/ncurses/6.1/test/ditto.c
/System/Volumes/Data/usr/local/Cellar/ncurses/6.1/test/demo_new_pair.c
/System/Volumes/Data/usr/local/Cellar/ncurses/6.1/test/newdemo.c
/System/Volumes/Data/usr/local/Cellar/ncurses/6.1/test/test_get_wstr.c
/System/Volumes/Data/usr/local/Cellar/ncurses/6.1/test/demo_menus.c
/System/Volumes/Data/usr/local/Cellar/ncurses/6.1/test/tclock.c
/System/Volumes/Data/usr/local/Cellar/ncurses/6.1/test/knight.c
/System/Volumes/Data/usr/local/Cellar/ncurses/6.1/test/test_getstr.c
/System/Volumes/Data/usr/local/Cellar/ncurses/6.1/test/demo_forms.c
/System/Volumes/Data/usr/local/Cellar/ncurses/6.1/test/ncurses.c
/System/Volumes/Data/usr/local/Cellar/ncurses/6.1/test/railroad.c
/System/Volumes/Data/usr/local/Cellar/ncurses/6.1/test/movewindow.c
/System/Volumes/Data/usr/local/Cellar/ncurses/6.1/test/test_addchstr.c
/System/Volumes/Data/usr/local/Cellar/ncurses/6.1/test/worm.c
/System/Volumes/Data/usr/local/Cellar/ncurses/6.1/test/demo_termcap.c
/System/Volumes/Data/usr/local/Cellar/ncurses/6.1/test/savescreen.c
/System/Volumes/Data/usr/local/Cellar/ncurses/6.1/test/blue.c
/System/Volumes/Data/usr/local/Cellar/ncurses/6.1/test/test_termattrs.c
/System/Volumes/Data/usr/local/Cellar/ncurses/6.1/test/test_opaque.c
/System/Volumes/Data/usr/local/Cellar/ncurses/6.1/test/keynames.c
/System/Volumes/Data/usr/local/Cellar/ncurses/6.1/test/filter.c
/System/Volumes/Data/usr/local/Cellar/ncurses/6.1/test/dots_mvcur.c
/System/Volumes/Data/usr/local/Cellar/ncurses/6.1/test/inserts.c
/System/Volumes/Data/usr/local/Cellar/ncurses/6.1/test/bs.c
/System/Volumes/Data/usr/local/Cellar/ncurses/6.1/test/test_inwstr.c
/System/Volumes/Data/usr/local/Cellar/ncurses/6.1/test/clip_printw.c
/System/Volumes/Data/usr/local/Cellar/ncurses/6.1/test/color_set.c
/System/Volumes/Data/usr/local/Cellar/ncurses/6.1/test/test_arrays.c
/System/Volumes/Data/usr/local/Cellar/ncurses/6.1/test/chgat.c
/System/Volumes/Data/usr/local/Cellar/ncurses/6.1/test/test_addstr.c
/System/Volumes/Data/usr/local/Cellar/ncurses/6.1/test/echochar.c
/System/Volumes/Data/usr/local/Cellar/ncurses/6.1/test/foldkeys.c
/System/Volumes/Data/usr/local/Cellar/ncurses/6.1/test/demo_altkeys.c
/System/Volumes/Data/usr/local/Cellar/ncurses/6.1/test/test_vidputs.c
/System/Volumes/Data/usr/local/Cellar/ncurses/6.1/test/test_add_wchstr.c
/System/Volumes/Data/usr/local/Cellar/ncurses/6.1/test/gdc.c
/System/Volumes/Data/usr/local/Cellar/ncurses/6.1/test/list_keys.c
/System/Volumes/Data/usr/local/Cellar/ncurses/6.1/test/background.c
/System/Volumes/Data/usr/local/Cellar/ncurses/6.1/test/hashtest.c
/System/Volumes/Data/usr/local/Cellar/ncurses/6.1/test/cardfile.c
/System/Volumes/Data/usr/local/Cellar/ncurses/6.1/test/extended_color.c
/System/Volumes/Data/usr/local/Cellar/ncurses/6.1/test/inchs.c
/System/Volumes/Data/usr/local/Cellar/ncurses/6.1/test/hanoi.c
/System/Volumes/Data/usr/local/Cellar/ncurses/6.1/test/test_addwstr.c
/System/Volumes/Data/usr/local/Cellar/ncurses/6.1/test/test_setupterm.c
/System/Volumes/Data/usr/local/Cellar/ncurses/6.1/test/test_vid_puts.c
/System/Volumes/Data/usr/local/Cellar/ncurses/6.1/test/rain.c
/System/Volumes/Data/usr/local/Cellar/ncurses/6.1/test/dots_curses.c
/System/Volumes/Data/usr/local/Cellar/ncurses/6.1/test/demo_terminfo.c
/System/Volumes/Data/usr/local/Cellar/ncurses/6.1/test/padview.c
/System/Volumes/Data/usr/local/Cellar/ncurses/6.1/test/dots_termcap.c
/System/Volumes/Data/usr/local/Cellar/ncurses/6.1/test/popup_msg.c
/System/Volumes/Data/usr/local/Cellar/ncurses/6.1/test/redraw.c
/System/Volumes/Data/usr/local/Cellar/ncurses/6.1/test/view.c
/System/Volumes/Data/usr/local/Cellar/ncurses/6.1/test/ins_wide.c
/System/Volumes/Data/usr/local/Cellar/ncurses/6.1/test/firstlast.c
/System/Volumes/Data/usr/local/Cellar/ncurses/6.1/test/form_driver_w.c
/System/Volumes/Data/usr/local/Cellar/ncurses/6.1/test/lrtest.c
/System/Volumes/Data/usr/local/Cellar/ncurses/6.1/test/insdelln.c
/System/Volumes/Data/usr/local/Cellar/ncurses/6.1/test/testscanw.c
/System/Volumes/Data/usr/local/Cellar/ncurses/6.1/test/testaddch.c
/System/Volumes/Data/usr/local/Cellar/ncurses/6.1/test/demo_keyok.c
/System/Volumes/Data/usr/local/Cellar/ncurses/6.1/test/demo_defkey.c
/System/Volumes/Data/usr/local/Cellar/ncurses/6.1/test/inch_wide.c
/System/Volumes/Data/usr/local/Cellar/python/3.7.2_2/libexec/setuptools/launcher.c
/System/Volumes/Data/usr/local/Cellar/python/3.7.2_2/Frameworks/Python.framework/Versions/3.7/lib/python3.7/distutils/tests/xxmodule.c
/System/Volumes/Data/usr/local/Cellar/python/3.7.2_2/Frameworks/Python.framework/Versions/3.7/lib/python3.7/config-3.7m-darwin/config.c
/System/Volumes/Data/usr/local/Cellar/readline/8.0.0/share/readline/rlbasic.c
/System/Volumes/Data/usr/local/Cellar/readline/8.0.0/share/readline/hist_purgecmd.c
/System/Volumes/Data/usr/local/Cellar/readline/8.0.0/share/readline/excallback.c
/System/Volumes/Data/usr/local/Cellar/readline/8.0.0/share/readline/rlptytest.c
/System/Volumes/Data/usr/local/Cellar/readline/8.0.0/share/readline/rlkeymaps.c
/System/Volumes/Data/usr/local/Cellar/readline/8.0.0/share/readline/hist_erasedups.c
/System/Volumes/Data/usr/local/Cellar/readline/8.0.0/share/readline/rl-fgets.c
/System/Volumes/Data/usr/local/Cellar/readline/8.0.0/share/readline/rl-callbacktest.c
/System/Volumes/Data/usr/local/Cellar/readline/8.0.0/share/readline/rl.c
/System/Volumes/Data/usr/local/Cellar/readline/8.0.0/share/readline/rlversion.c
/System/Volumes/Data/usr/local/Cellar/readline/8.0.0/share/readline/fileman.c
/System/Volumes/Data/usr/local/Cellar/readline/8.0.0/share/readline/rlevent.c
/System/Volumes/Data/usr/local/Cellar/readline/8.0.0/share/readline/manexamp.c
/System/Volumes/Data/usr/local/Cellar/readline/8.0.0/share/readline/rltest.c
/System/Volumes/Data/usr/local/Cellar/readline/8.0.0/share/readline/rlcat.c
/System/Volumes/Data/usr/local/Cellar/readline/8.0.0/share/readline/histexamp.c
/System/Volumes/Data/usr/local/Cellar/xz/5.2.4/share/doc/xz/examples_old/xz_pipe_comp.c
/System/Volumes/Data/usr/local/Cellar/xz/5.2.4/share/doc/xz/examples_old/xz_pipe_decomp.c
/System/Volumes/Data/usr/local/Cellar/xz/5.2.4/share/doc/xz/examples/04_compress_easy_mt.c
/System/Volumes/Data/usr/local/Cellar/xz/5.2.4/share/doc/xz/examples/01_compress_easy.c
/System/Volumes/Data/usr/local/Cellar/xz/5.2.4/share/doc/xz/examples/02_decompress.c
/System/Volumes/Data/usr/local/Cellar/xz/5.2.4/share/doc/xz/examples/03_compress_custom.c
/System/Volumes/Data/usr/local/texlive/2018/texmf-dist/source/latex/bibarts/bibsort.c
/System/Volumes/Data/usr/local/texlive/2018/texmf-dist/source/latex/avremu/test-suite/printf.c
/System/Volumes/Data/usr/local/texlive/2018/texmf-dist/source/latex/avremu/test-suite/mul.c
/System/Volumes/Data/usr/local/texlive/2018/texmf-dist/source/latex/avremu/test-suite/shift.c
/System/Volumes/Data/usr/local/texlive/2018/texmf-dist/source/latex/avremu/test-suite/complex-memory.c
/System/Volumes/Data/usr/local/texlive/2018/texmf-dist/source/latex/avremu/test-suite/sum-rec.c
/System/Volumes/Data/usr/local/texlive/2018/texmf-dist/source/latex/avremu/test-suite/string.c
/System/Volumes/Data/usr/local/texlive/2018/texmf-dist/source/latex/avremu/test-suite/func-ptr.c
/System/Volumes/Data/usr/local/texlive/2018/texmf-dist/source/latex/avremu/test-suite/float.c
/System/Volumes/Data/usr/local/texlive/2018/texmf-dist/source/latex/avremu/test-suite/fibonacci-rec.c
/System/Volumes/Data/usr/local/texlive/2018/texmf-dist/source/latex/avremu/test-suite/empty-main.c
/System/Volumes/Data/usr/local/texlive/2018/texmf-dist/source/latex/avremu/test-suite/mandelbrot.c
/System/Volumes/Data/usr/local/texlive/2018/texmf-dist/source/latex/sanskrit/skt.c
/System/Volumes/Data/usr/local/texlive/2018/texmf-dist/source/latex/cjk/utils/pyhyphen/pinyin.c
/System/Volumes/Data/usr/local/texlive/2018/texmf-dist/source/latex/fancynum/tables.c
/System/Volumes/Data/usr/local/texlive/2018/texmf-dist/source/latex/splitindex/splitindex.c
/System/Volumes/Data/usr/local/texlive/2018/texmf-dist/source/latex/otibet/oct2otp.c
/System/Volumes/Data/usr/local/texlive/2018/texmf-dist/source/latex/axodraw2/axohelp.c
/System/Volumes/Data/usr/local/texlive/2018/texmf-dist/source/latex/bengali/beng.c
/System/Volumes/Data/usr/local/texlive/2018/texmf-dist/source/generic/pgf/c/graphdrawing/pgf/gd/interface/c/InterfaceFromC.c
/System/Volumes/Data/usr/local/texlive/2018/texmf-dist/source/generic/pgf/c/graphdrawing/pgf/gd/examples/c/SimpleDemoC.c
/System/Volumes/Data/usr/local/texlive/2018/texmf-dist/scripts/context/stubs/source/mtxrun_exe.c
/System/Volumes/Data/usr/local/texlive/2018/texmf-dist/scripts/context/stubs/source/mtxrun_dll.c
/System/Volumes/Data/usr/local/texlive/2018/texmf-dist/doc/latex/dickimaw/src/thesis/listing-samples/sqrt.c
/System/Volumes/Data/usr/local/texlive/2018/texmf-dist/doc/latex/dickimaw/src/thesis/listing-samples/helloworld.c
/System/Volumes/Data/usr/local/texlive/2018/texmf-dist/doc/latex/pygmentex/demo.c
/System/Volumes/Data/usr/local/texlive/2018/texmf-dist/doc/generic/t2/etc/t2filter.c
/System/Volumes/Data/usr/local/texlive/2018/texmf-dist/doc/generic/c-pascal/prog/sun.c
/System/Volumes/Data/usr/local/texlive/2018/texmf-dist/doc/generic/xypic/support/pnmrawtopcropwhite.c
/System/Volumes/Data/usr/local/texlive/2018/texmf-dist/doc/generic/docbytex/cosi.c
/System/Volumes/Data/usr/local/texlive/2018/texmf-dist/doc/generic/docbytex/base.c
/System/Volumes/Data/usr/local/texlive/2018/texmf-dist/doc/generic/docbytex/win.c
/System/Volumes/Data/usr/local/texlive/2018/texmf-dist/doc/generic/docbytex/main.c
/System/Volumes/Data/usr/local/texlive/2018/texmf-dist/doc/fonts/libertine/g2ntotex.c
/System/Volumes/Data/usr/local/texlive/2018/texmf-dist/doc/cstex/cspsfonts-gen/kernoff.c
/System/Volumes/Data/usr/local/share/doc/ghostscript/9.23/gdevds32.c
/System/Volumes/Data/usr/share/vim/vim81/tools/xcmdsrv_client.c
/System/Volumes/Data/usr/share/vim/vim81/tools/blink.c
/System/Volumes/Data/usr/share/vim/vim81/tools/ccfilter.c
/System/Volumes/Data/usr/share/vim/vim81/macros/maze/mazeansi.c
/System/Volumes/Data/usr/share/vim/vim81/macros/maze/maze.c
/System/Volumes/Data/usr/share/vim/vim81/macros/maze/mazeclean.c
/System/Volumes/Data/Library/Developer/CommandLineTools/usr/share/bison/glr.c
/System/Volumes/Data/Library/Developer/CommandLineTools/usr/share/bison/yacc.c
/System/Volumes/Data/Library/Developer/CommandLineTools/SDKs/MacOSX10.14.sdk/System/Library/Frameworks/Ruby.framework/Versions/2.3/usr/lib/ruby/gems/2.3.0/gems/nokogiri-1.5.6/ext/nokogiri/xml_comment.c
/System/Volumes/Data/Library/Developer/CommandLineTools/SDKs/MacOSX10.14.sdk/System/Library/Frameworks/Ruby.framework/Versions/2.3/usr/lib/ruby/gems/2.3.0/gems/nokogiri-1.5.6/ext/nokogiri/xml_element_content.c
/System/Volumes/Data/Library/Developer/CommandLineTools/SDKs/MacOSX10.14.sdk/System/Library/Frameworks/Ruby.framework/Versions/2.3/usr/lib/ruby/gems/2.3.0/gems/nokogiri-1.5.6/ext/nokogiri/html_element_description.c
/System/Volumes/Data/Library/Developer/CommandLineTools/SDKs/MacOSX10.14.sdk/System/Library/Frameworks/Ruby.framework/Versions/2.3/usr/lib/ruby/gems/2.3.0/gems/nokogiri-1.5.6/ext/nokogiri/nokogiri.c
/System/Volumes/Data/Library/Developer/CommandLineTools/SDKs/MacOSX10.14.sdk/System/Library/Frameworks/Ruby.framework/Versions/2.3/usr/lib/ruby/gems/2.3.0/gems/nokogiri-1.5.6/ext/nokogiri/xml_element_decl.c
/System/Volumes/Data/Library/Developer/CommandLineTools/SDKs/MacOSX10.14.sdk/System/Library/Frameworks/Ruby.framework/Versions/2.3/usr/lib/ruby/gems/2.3.0/gems/nokogiri-1.5.6/ext/nokogiri/xml_node_set.c
/System/Volumes/Data/Library/Developer/CommandLineTools/SDKs/MacOSX10.14.sdk/System/Library/Frameworks/Ruby.framework/Versions/2.3/usr/lib/ruby/gems/2.3.0/gems/nokogiri-1.5.6/ext/nokogiri/xml_namespace.c
/System/Volumes/Data/Library/Developer/CommandLineTools/SDKs/MacOSX10.14.sdk/System/Library/Frameworks/Ruby.framework/Versions/2.3/usr/lib/ruby/gems/2.3.0/gems/nokogiri-1.5.6/ext/nokogiri/xml_encoding_handler.c
/System/Volumes/Data/Library/Developer/CommandLineTools/SDKs/MacOSX10.14.sdk/System/Library/Frameworks/Ruby.framework/Versions/2.3/usr/lib/ruby/gems/2.3.0/gems/nokogiri-1.5.6/ext/nokogiri/xml_libxml2_hacks.c
/System/Volumes/Data/Library/Developer/CommandLineTools/SDKs/MacOSX10.14.sdk/System/Library/Frameworks/Ruby.framework/Versions/2.3/usr/lib/ruby/gems/2.3.0/gems/nokogiri-1.5.6/ext/nokogiri/xml_relax_ng.c
/System/Volumes/Data/Library/Developer/CommandLineTools/SDKs/MacOSX10.14.sdk/System/Library/Frameworks/Ruby.framework/Versions/2.3/usr/lib/ruby/gems/2.3.0/gems/nokogiri-1.5.6/ext/nokogiri/xml_sax_push_parser.c
/System/Volumes/Data/Library/Developer/CommandLineTools/SDKs/MacOSX10.14.sdk/System/Library/Frameworks/Ruby.framework/Versions/2.3/usr/lib/ruby/gems/2.3.0/gems/nokogiri-1.5.6/ext/nokogiri/html_sax_parser_context.c
/System/Volumes/Data/Library/Developer/CommandLineTools/SDKs/MacOSX10.14.sdk/System/Library/Frameworks/Ruby.framework/Versions/2.3/usr/lib/ruby/gems/2.3.0/gems/nokogiri-1.5.6/ext/nokogiri/xslt_stylesheet.c
/System/Volumes/Data/Library/Developer/CommandLineTools/SDKs/MacOSX10.14.sdk/System/Library/Frameworks/Ruby.framework/Versions/2.3/usr/lib/ruby/gems/2.3.0/gems/nokogiri-1.5.6/ext/nokogiri/html_document.c
/System/Volumes/Data/Library/Developer/CommandLineTools/SDKs/MacOSX10.14.sdk/System/Library/Frameworks/Ruby.framework/Versions/2.3/usr/lib/ruby/gems/2.3.0/gems/nokogiri-1.5.6/ext/nokogiri/xml_sax_parser_context.c
/System/Volumes/Data/Library/Developer/CommandLineTools/SDKs/MacOSX10.14.sdk/System/Library/Frameworks/Ruby.framework/Versions/2.3/usr/lib/ruby/gems/2.3.0/gems/nokogiri-1.5.6/ext/nokogiri/xml_xpath_context.c
/System/Volumes/Data/Library/Developer/CommandLineTools/SDKs/MacOSX10.14.sdk/System/Library/Frameworks/Ruby.framework/Versions/2.3/usr/lib/ruby/gems/2.3.0/gems/nokogiri-1.5.6/ext/nokogiri/html_entity_lookup.c
/System/Volumes/Data/Library/Developer/CommandLineTools/SDKs/MacOSX10.14.sdk/System/Library/Frameworks/Ruby.framework/Versions/2.3/usr/lib/ruby/gems/2.3.0/gems/nokogiri-1.5.6/ext/nokogiri/xml_sax_parser.c
/System/Volumes/Data/Library/Developer/CommandLineTools/SDKs/MacOSX10.14.sdk/System/Library/Frameworks/Ruby.framework/Versions/2.3/usr/lib/ruby/gems/2.3.0/gems/nokogiri-1.5.6/ext/nokogiri/xml_reader.c
/System/Volumes/Data/Library/Developer/CommandLineTools/SDKs/MacOSX10.14.sdk/System/Library/Frameworks/Ruby.framework/Versions/2.3/usr/lib/ruby/gems/2.3.0/gems/nokogiri-1.5.6/ext/nokogiri/xml_syntax_error.c
/System/Volumes/Data/Library/Developer/CommandLineTools/SDKs/MacOSX10.14.sdk/System/Library/Frameworks/Ruby.framework/Versions/2.3/usr/lib/ruby/gems/2.3.0/gems/nokogiri-1.5.6/ext/nokogiri/xml_node.c
/System/Volumes/Data/Library/Developer/CommandLineTools/SDKs/MacOSX10.14.sdk/System/Library/Frameworks/Ruby.framework/Versions/2.3/usr/lib/ruby/gems/2.3.0/gems/nokogiri-1.5.6/ext/nokogiri/xml_attr.c
/System/Volumes/Data/Library/Developer/CommandLineTools/SDKs/MacOSX10.14.sdk/System/Library/Frameworks/Ruby.framework/Versions/2.3/usr/lib/ruby/gems/2.3.0/gems/nokogiri-1.5.6/ext/nokogiri/html_sax_push_parser.c
/System/Volumes/Data/Library/Developer/CommandLineTools/SDKs/MacOSX10.14.sdk/System/Library/Frameworks/Ruby.framework/Versions/2.3/usr/lib/ruby/gems/2.3.0/gems/nokogiri-1.5.6/ext/nokogiri/xml_schema.c
/System/Volumes/Data/Library/Developer/CommandLineTools/SDKs/MacOSX10.14.sdk/System/Library/Frameworks/Ruby.framework/Versions/2.3/usr/lib/ruby/gems/2.3.0/gems/nokogiri-1.5.6/ext/nokogiri/xml_dtd.c
/System/Volumes/Data/Library/Developer/CommandLineTools/SDKs/MacOSX10.14.sdk/System/Library/Frameworks/Ruby.framework/Versions/2.3/usr/lib/ruby/gems/2.3.0/gems/nokogiri-1.5.6/ext/nokogiri/xml_entity_decl.c
/System/Volumes/Data/Library/Developer/CommandLineTools/SDKs/MacOSX10.14.sdk/System/Library/Frameworks/Ruby.framework/Versions/2.3/usr/lib/ruby/gems/2.3.0/gems/nokogiri-1.5.6/ext/nokogiri/xml_attribute_decl.c
/System/Volumes/Data/Library/Developer/CommandLineTools/SDKs/MacOSX10.14.sdk/System/Library/Frameworks/Ruby.framework/Versions/2.3/usr/lib/ruby/gems/2.3.0/gems/nokogiri-1.5.6/ext/nokogiri/xml_io.c
/System/Volumes/Data/Library/Developer/CommandLineTools/SDKs/MacOSX10.14.sdk/System/Library/Frameworks/Ruby.framework/Versions/2.3/usr/lib/ruby/gems/2.3.0/gems/nokogiri-1.5.6/ext/nokogiri/xml_entity_reference.c
/System/Volumes/Data/Library/Developer/CommandLineTools/SDKs/MacOSX10.14.sdk/System/Library/Frameworks/Ruby.framework/Versions/2.3/usr/lib/ruby/gems/2.3.0/gems/nokogiri-1.5.6/ext/nokogiri/xml_processing_instruction.c
/System/Volumes/Data/Library/Developer/CommandLineTools/SDKs/MacOSX10.14.sdk/System/Library/Frameworks/Ruby.framework/Versions/2.3/usr/lib/ruby/gems/2.3.0/gems/nokogiri-1.5.6/ext/nokogiri/xml_text.c
/System/Volumes/Data/Library/Developer/CommandLineTools/SDKs/MacOSX10.14.sdk/System/Library/Frameworks/Ruby.framework/Versions/2.3/usr/lib/ruby/gems/2.3.0/gems/nokogiri-1.5.6/ext/nokogiri/xml_document_fragment.c
/System/Volumes/Data/Library/Developer/CommandLineTools/SDKs/MacOSX10.14.sdk/System/Library/Frameworks/Ruby.framework/Versions/2.3/usr/lib/ruby/gems/2.3.0/gems/nokogiri-1.5.6/ext/nokogiri/xml_document.c
/System/Volumes/Data/Library/Developer/CommandLineTools/SDKs/MacOSX10.14.sdk/System/Library/Frameworks/Ruby.framework/Versions/2.3/usr/lib/ruby/gems/2.3.0/gems/nokogiri-1.5.6/ext/nokogiri/xml_cdata.c
/System/Volumes/Data/Library/Developer/CommandLineTools/SDKs/MacOSX10.14.sdk/System/Library/Frameworks/Ruby.framework/Versions/2.3/usr/lib/ruby/gems/2.3.0/gems/sqlite3-1.3.11/ext/sqlite3/sqlite3.c
/System/Volumes/Data/Library/Developer/CommandLineTools/SDKs/MacOSX10.14.sdk/System/Library/Frameworks/Ruby.framework/Versions/2.3/usr/lib/ruby/gems/2.3.0/gems/sqlite3-1.3.11/ext/sqlite3/database.c
/System/Volumes/Data/Library/Developer/CommandLineTools/SDKs/MacOSX10.14.sdk/System/Library/Frameworks/Ruby.framework/Versions/2.3/usr/lib/ruby/gems/2.3.0/gems/sqlite3-1.3.11/ext/sqlite3/exception.c
/System/Volumes/Data/Library/Developer/CommandLineTools/SDKs/MacOSX10.14.sdk/System/Library/Frameworks/Ruby.framework/Versions/2.3/usr/lib/ruby/gems/2.3.0/gems/sqlite3-1.3.11/ext/sqlite3/backup.c
/System/Volumes/Data/Library/Developer/CommandLineTools/SDKs/MacOSX10.14.sdk/System/Library/Frameworks/Ruby.framework/Versions/2.3/usr/lib/ruby/gems/2.3.0/gems/sqlite3-1.3.11/ext/sqlite3/statement.c
/System/Volumes/Data/Library/Developer/CommandLineTools/SDKs/MacOSX10.14.sdk/System/Library/Frameworks/Ruby.framework/Versions/2.3/usr/lib/ruby/gems/2.3.0/gems/libxml-ruby-2.9.0/ext/libxml/ruby_xml_document.c
/System/Volumes/Data/Library/Developer/CommandLineTools/SDKs/MacOSX10.14.sdk/System/Library/Frameworks/Ruby.framework/Versions/2.3/usr/lib/ruby/gems/2.3.0/gems/libxml-ruby-2.9.0/ext/libxml/ruby_xml_sax_parser.c
/System/Volumes/Data/Library/Developer/CommandLineTools/SDKs/MacOSX10.14.sdk/System/Library/Frameworks/Ruby.framework/Versions/2.3/usr/lib/ruby/gems/2.3.0/gems/libxml-ruby-2.9.0/ext/libxml/ruby_xml_parser_options.c
/System/Volumes/Data/Library/Developer/CommandLineTools/SDKs/MacOSX10.14.sdk/System/Library/Frameworks/Ruby.framework/Versions/2.3/usr/lib/ruby/gems/2.3.0/gems/libxml-ruby-2.9.0/ext/libxml/ruby_xml_io.c
/System/Volumes/Data/Library/Developer/CommandLineTools/SDKs/MacOSX10.14.sdk/System/Library/Frameworks/Ruby.framework/Versions/2.3/usr/lib/ruby/gems/2.3.0/gems/libxml-ruby-2.9.0/ext/libxml/ruby_xml_sax2_handler.c
/System/Volumes/Data/Library/Developer/CommandLineTools/SDKs/MacOSX10.14.sdk/System/Library/Frameworks/Ruby.framework/Versions/2.3/usr/lib/ruby/gems/2.3.0/gems/libxml-ruby-2.9.0/ext/libxml/ruby_xml_html_parser_options.c
/System/Volumes/Data/Library/Developer/CommandLineTools/SDKs/MacOSX10.14.sdk/System/Library/Frameworks/Ruby.framework/Versions/2.3/usr/lib/ruby/gems/2.3.0/gems/libxml-ruby-2.9.0/ext/libxml/ruby_xml_parser_context.c
/System/Volumes/Data/Library/Developer/CommandLineTools/SDKs/MacOSX10.14.sdk/System/Library/Frameworks/Ruby.framework/Versions/2.3/usr/lib/ruby/gems/2.3.0/gems/libxml-ruby-2.9.0/ext/libxml/libxml.c
/System/Volumes/Data/Library/Developer/CommandLineTools/SDKs/MacOSX10.14.sdk/System/Library/Frameworks/Ruby.framework/Versions/2.3/usr/lib/ruby/gems/2.3.0/gems/libxml-ruby-2.9.0/ext/libxml/ruby_xml_xinclude.c
/System/Volumes/Data/Library/Developer/CommandLineTools/SDKs/MacOSX10.14.sdk/System/Library/Frameworks/Ruby.framework/Versions/2.3/usr/lib/ruby/gems/2.3.0/gems/libxml-ruby-2.9.0/ext/libxml/ruby_xml_xpath.c
/System/Volumes/Data/Library/Developer/CommandLineTools/SDKs/MacOSX10.14.sdk/System/Library/Frameworks/Ruby.framework/Versions/2.3/usr/lib/ruby/gems/2.3.0/gems/libxml-ruby-2.9.0/ext/libxml/ruby_xml_writer.c
/System/Volumes/Data/Library/Developer/CommandLineTools/SDKs/MacOSX10.14.sdk/System/Library/Frameworks/Ruby.framework/Versions/2.3/usr/lib/ruby/gems/2.3.0/gems/libxml-ruby-2.9.0/ext/libxml/ruby_xml_schema_type.c
/System/Volumes/Data/Library/Developer/CommandLineTools/SDKs/MacOSX10.14.sdk/System/Library/Frameworks/Ruby.framework/Versions/2.3/usr/lib/ruby/gems/2.3.0/gems/libxml-ruby-2.9.0/ext/libxml/ruby_xml_html_parser_context.c
/System/Volumes/Data/Library/Developer/CommandLineTools/SDKs/MacOSX10.14.sdk/System/Library/Frameworks/Ruby.framework/Versions/2.3/usr/lib/ruby/gems/2.3.0/gems/libxml-ruby-2.9.0/ext/libxml/ruby_xml_node.c
/System/Volumes/Data/Library/Developer/CommandLineTools/SDKs/MacOSX10.14.sdk/System/Library/Frameworks/Ruby.framework/Versions/2.3/usr/lib/ruby/gems/2.3.0/gems/libxml-ruby-2.9.0/ext/libxml/ruby_xml_schema_facet.c
/System/Volumes/Data/Library/Developer/CommandLineTools/SDKs/MacOSX10.14.sdk/System/Library/Frameworks/Ruby.framework/Versions/2.3/usr/lib/ruby/gems/2.3.0/gems/libxml-ruby-2.9.0/ext/libxml/ruby_xml_html_parser.c
/System/Volumes/Data/Library/Developer/CommandLineTools/SDKs/MacOSX10.14.sdk/System/Library/Frameworks/Ruby.framework/Versions/2.3/usr/lib/ruby/gems/2.3.0/gems/libxml-ruby-2.9.0/ext/libxml/ruby_xml_attr.c
/System/Volumes/Data/Library/Developer/CommandLineTools/SDKs/MacOSX10.14.sdk/System/Library/Frameworks/Ruby.framework/Versions/2.3/usr/lib/ruby/gems/2.3.0/gems/libxml-ruby-2.9.0/ext/libxml/ruby_xml_namespaces.c
/System/Volumes/Data/Library/Developer/CommandLineTools/SDKs/MacOSX10.14.sdk/System/Library/Frameworks/Ruby.framework/Versions/2.3/usr/lib/ruby/gems/2.3.0/gems/libxml-ruby-2.9.0/ext/libxml/ruby_xml_cbg.c
/System/Volumes/Data/Library/Developer/CommandLineTools/SDKs/MacOSX10.14.sdk/System/Library/Frameworks/Ruby.framework/Versions/2.3/usr/lib/ruby/gems/2.3.0/gems/libxml-ruby-2.9.0/ext/libxml/ruby_xml_dtd.c
/System/Volumes/Data/Library/Developer/CommandLineTools/SDKs/MacOSX10.14.sdk/System/Library/Frameworks/Ruby.framework/Versions/2.3/usr/lib/ruby/gems/2.3.0/gems/libxml-ruby-2.9.0/ext/libxml/ruby_xml_xpath_expression.c
/System/Volumes/Data/Library/Developer/CommandLineTools/SDKs/MacOSX10.14.sdk/System/Library/Frameworks/Ruby.framework/Versions/2.3/usr/lib/ruby/gems/2.3.0/gems/libxml-ruby-2.9.0/ext/libxml/ruby_xml_reader.c
/System/Volumes/Data/Library/Developer/CommandLineTools/SDKs/MacOSX10.14.sdk/System/Library/Frameworks/Ruby.framework/Versions/2.3/usr/lib/ruby/gems/2.3.0/gems/libxml-ruby-2.9.0/ext/libxml/ruby_xml_xpath_object.c
/System/Volumes/Data/Library/Developer/CommandLineTools/SDKs/MacOSX10.14.sdk/System/Library/Frameworks/Ruby.framework/Versions/2.3/usr/lib/ruby/gems/2.3.0/gems/libxml-ruby-2.9.0/ext/libxml/ruby_xml_xpointer.c
/System/Volumes/Data/Library/Developer/CommandLineTools/SDKs/MacOSX10.14.sdk/System/Library/Frameworks/Ruby.framework/Versions/2.3/usr/lib/ruby/gems/2.3.0/gems/libxml-ruby-2.9.0/ext/libxml/ruby_xml_schema_element.c
/System/Volumes/Data/Library/Developer/CommandLineTools/SDKs/MacOSX10.14.sdk/System/Library/Frameworks/Ruby.framework/Versions/2.3/usr/lib/ruby/gems/2.3.0/gems/libxml-ruby-2.9.0/ext/libxml/ruby_xml_attr_decl.c
/System/Volumes/Data/Library/Developer/CommandLineTools/SDKs/MacOSX10.14.sdk/System/Library/Frameworks/Ruby.framework/Versions/2.3/usr/lib/ruby/gems/2.3.0/gems/libxml-ruby-2.9.0/ext/libxml/ruby_xml_schema_attribute.c
/System/Volumes/Data/Library/Developer/CommandLineTools/SDKs/MacOSX10.14.sdk/System/Library/Frameworks/Ruby.framework/Versions/2.3/usr/lib/ruby/gems/2.3.0/gems/libxml-ruby-2.9.0/ext/libxml/ruby_xml_relaxng.c
/System/Volumes/Data/Library/Developer/CommandLineTools/SDKs/MacOSX10.14.sdk/System/Library/Frameworks/Ruby.framework/Versions/2.3/usr/lib/ruby/gems/2.3.0/gems/libxml-ruby-2.9.0/ext/libxml/ruby_xml_attributes.c
/System/Volumes/Data/Library/Developer/CommandLineTools/SDKs/MacOSX10.14.sdk/System/Library/Frameworks/Ruby.framework/Versions/2.3/usr/lib/ruby/gems/2.3.0/gems/libxml-ruby-2.9.0/ext/libxml/ruby_xml_error.c
/System/Volumes/Data/Library/Developer/CommandLineTools/SDKs/MacOSX10.14.sdk/System/Library/Frameworks/Ruby.framework/Versions/2.3/usr/lib/ruby/gems/2.3.0/gems/libxml-ruby-2.9.0/ext/libxml/ruby_xml_encoding.c
/System/Volumes/Data/Library/Developer/CommandLineTools/SDKs/MacOSX10.14.sdk/System/Library/Frameworks/Ruby.framework/Versions/2.3/usr/lib/ruby/gems/2.3.0/gems/libxml-ruby-2.9.0/ext/libxml/ruby_xml_namespace.c
/System/Volumes/Data/Library/Developer/CommandLineTools/SDKs/MacOSX10.14.sdk/System/Library/Frameworks/Ruby.framework/Versions/2.3/usr/lib/ruby/gems/2.3.0/gems/libxml-ruby-2.9.0/ext/libxml/ruby_xml_parser.c
/System/Volumes/Data/Library/Developer/CommandLineTools/SDKs/MacOSX10.14.sdk/System/Library/Frameworks/Ruby.framework/Versions/2.3/usr/lib/ruby/gems/2.3.0/gems/libxml-ruby-2.9.0/ext/libxml/ruby_xml.c
/System/Volumes/Data/Library/Developer/CommandLineTools/SDKs/MacOSX10.14.sdk/System/Library/Frameworks/Ruby.framework/Versions/2.3/usr/lib/ruby/gems/2.3.0/gems/libxml-ruby-2.9.0/ext/libxml/ruby_xml_input_cbg.c
/System/Volumes/Data/Library/Developer/CommandLineTools/SDKs/MacOSX10.14.sdk/System/Library/Frameworks/Ruby.framework/Versions/2.3/usr/lib/ruby/gems/2.3.0/gems/libxml-ruby-2.9.0/ext/libxml/ruby_xml_schema.c
/System/Volumes/Data/Library/Developer/CommandLineTools/SDKs/MacOSX10.14.sdk/System/Library/Frameworks/Ruby.framework/Versions/2.3/usr/lib/ruby/gems/2.3.0/gems/libxml-ruby-2.9.0/ext/libxml/ruby_xml_xpath_context.c
/System/Volumes/Data/Library/Developer/CommandLineTools/SDKs/MacOSX10.15.sdk/System/Library/Frameworks/Ruby.framework/Versions/2.6/usr/lib/ruby/gems/2.6.0/gems/libxml-ruby-3.1.0/ext/libxml/ruby_xml_document.c
/System/Volumes/Data/Library/Developer/CommandLineTools/SDKs/MacOSX10.15.sdk/System/Library/Frameworks/Ruby.framework/Versions/2.6/usr/lib/ruby/gems/2.6.0/gems/libxml-ruby-3.1.0/ext/libxml/ruby_xml_sax_parser.c
/System/Volumes/Data/Library/Developer/CommandLineTools/SDKs/MacOSX10.15.sdk/System/Library/Frameworks/Ruby.framework/Versions/2.6/usr/lib/ruby/gems/2.6.0/gems/libxml-ruby-3.1.0/ext/libxml/ruby_xml_parser_options.c
/System/Volumes/Data/Library/Developer/CommandLineTools/SDKs/MacOSX10.15.sdk/System/Library/Frameworks/Ruby.framework/Versions/2.6/usr/lib/ruby/gems/2.6.0/gems/libxml-ruby-3.1.0/ext/libxml/ruby_xml_io.c
/System/Volumes/Data/Library/Developer/CommandLineTools/SDKs/MacOSX10.15.sdk/System/Library/Frameworks/Ruby.framework/Versions/2.6/usr/lib/ruby/gems/2.6.0/gems/libxml-ruby-3.1.0/ext/libxml/ruby_xml_sax2_handler.c
/System/Volumes/Data/Library/Developer/CommandLineTools/SDKs/MacOSX10.15.sdk/System/Library/Frameworks/Ruby.framework/Versions/2.6/usr/lib/ruby/gems/2.6.0/gems/libxml-ruby-3.1.0/ext/libxml/ruby_xml_html_parser_options.c
/System/Volumes/Data/Library/Developer/CommandLineTools/SDKs/MacOSX10.15.sdk/System/Library/Frameworks/Ruby.framework/Versions/2.6/usr/lib/ruby/gems/2.6.0/gems/libxml-ruby-3.1.0/ext/libxml/ruby_xml_parser_context.c
/System/Volumes/Data/Library/Developer/CommandLineTools/SDKs/MacOSX10.15.sdk/System/Library/Frameworks/Ruby.framework/Versions/2.6/usr/lib/ruby/gems/2.6.0/gems/libxml-ruby-3.1.0/ext/libxml/libxml.c
/System/Volumes/Data/Library/Developer/CommandLineTools/SDKs/MacOSX10.15.sdk/System/Library/Frameworks/Ruby.framework/Versions/2.6/usr/lib/ruby/gems/2.6.0/gems/libxml-ruby-3.1.0/ext/libxml/ruby_xml_xinclude.c
/System/Volumes/Data/Library/Developer/CommandLineTools/SDKs/MacOSX10.15.sdk/System/Library/Frameworks/Ruby.framework/Versions/2.6/usr/lib/ruby/gems/2.6.0/gems/libxml-ruby-3.1.0/ext/libxml/ruby_xml_xpath.c
/System/Volumes/Data/Library/Developer/CommandLineTools/SDKs/MacOSX10.15.sdk/System/Library/Frameworks/Ruby.framework/Versions/2.6/usr/lib/ruby/gems/2.6.0/gems/libxml-ruby-3.1.0/ext/libxml/ruby_xml_writer.c
/System/Volumes/Data/Library/Developer/CommandLineTools/SDKs/MacOSX10.15.sdk/System/Library/Frameworks/Ruby.framework/Versions/2.6/usr/lib/ruby/gems/2.6.0/gems/libxml-ruby-3.1.0/ext/libxml/ruby_xml_schema_type.c
/System/Volumes/Data/Library/Developer/CommandLineTools/SDKs/MacOSX10.15.sdk/System/Library/Frameworks/Ruby.framework/Versions/2.6/usr/lib/ruby/gems/2.6.0/gems/libxml-ruby-3.1.0/ext/libxml/ruby_xml_html_parser_context.c
/System/Volumes/Data/Library/Developer/CommandLineTools/SDKs/MacOSX10.15.sdk/System/Library/Frameworks/Ruby.framework/Versions/2.6/usr/lib/ruby/gems/2.6.0/gems/libxml-ruby-3.1.0/ext/libxml/ruby_xml_node.c
/System/Volumes/Data/Library/Developer/CommandLineTools/SDKs/MacOSX10.15.sdk/System/Library/Frameworks/Ruby.framework/Versions/2.6/usr/lib/ruby/gems/2.6.0/gems/libxml-ruby-3.1.0/ext/libxml/ruby_xml_schema_facet.c
/System/Volumes/Data/Library/Developer/CommandLineTools/SDKs/MacOSX10.15.sdk/System/Library/Frameworks/Ruby.framework/Versions/2.6/usr/lib/ruby/gems/2.6.0/gems/libxml-ruby-3.1.0/ext/libxml/ruby_xml_html_parser.c
/System/Volumes/Data/Library/Developer/CommandLineTools/SDKs/MacOSX10.15.sdk/System/Library/Frameworks/Ruby.framework/Versions/2.6/usr/lib/ruby/gems/2.6.0/gems/libxml-ruby-3.1.0/ext/libxml/ruby_xml_attr.c
/System/Volumes/Data/Library/Developer/CommandLineTools/SDKs/MacOSX10.15.sdk/System/Library/Frameworks/Ruby.framework/Versions/2.6/usr/lib/ruby/gems/2.6.0/gems/libxml-ruby-3.1.0/ext/libxml/ruby_xml_namespaces.c
/System/Volumes/Data/Library/Developer/CommandLineTools/SDKs/MacOSX10.15.sdk/System/Library/Frameworks/Ruby.framework/Versions/2.6/usr/lib/ruby/gems/2.6.0/gems/libxml-ruby-3.1.0/ext/libxml/ruby_xml_cbg.c
/System/Volumes/Data/Library/Developer/CommandLineTools/SDKs/MacOSX10.15.sdk/System/Library/Frameworks/Ruby.framework/Versions/2.6/usr/lib/ruby/gems/2.6.0/gems/libxml-ruby-3.1.0/ext/libxml/ruby_xml_dtd.c
/System/Volumes/Data/Library/Developer/CommandLineTools/SDKs/MacOSX10.15.sdk/System/Library/Frameworks/Ruby.framework/Versions/2.6/usr/lib/ruby/gems/2.6.0/gems/libxml-ruby-3.1.0/ext/libxml/ruby_xml_xpath_expression.c
/System/Volumes/Data/Library/Developer/CommandLineTools/SDKs/MacOSX10.15.sdk/System/Library/Frameworks/Ruby.framework/Versions/2.6/usr/lib/ruby/gems/2.6.0/gems/libxml-ruby-3.1.0/ext/libxml/ruby_xml_reader.c
/System/Volumes/Data/Library/Developer/CommandLineTools/SDKs/MacOSX10.15.sdk/System/Library/Frameworks/Ruby.framework/Versions/2.6/usr/lib/ruby/gems/2.6.0/gems/libxml-ruby-3.1.0/ext/libxml/ruby_xml_xpath_object.c
/System/Volumes/Data/Library/Developer/CommandLineTools/SDKs/MacOSX10.15.sdk/System/Library/Frameworks/Ruby.framework/Versions/2.6/usr/lib/ruby/gems/2.6.0/gems/libxml-ruby-3.1.0/ext/libxml/ruby_xml_xpointer.c
/System/Volumes/Data/Library/Developer/CommandLineTools/SDKs/MacOSX10.15.sdk/System/Library/Frameworks/Ruby.framework/Versions/2.6/usr/lib/ruby/gems/2.6.0/gems/libxml-ruby-3.1.0/ext/libxml/ruby_xml_schema_element.c
/System/Volumes/Data/Library/Developer/CommandLineTools/SDKs/MacOSX10.15.sdk/System/Library/Frameworks/Ruby.framework/Versions/2.6/usr/lib/ruby/gems/2.6.0/gems/libxml-ruby-3.1.0/ext/libxml/ruby_xml_attr_decl.c
/System/Volumes/Data/Library/Developer/CommandLineTools/SDKs/MacOSX10.15.sdk/System/Library/Frameworks/Ruby.framework/Versions/2.6/usr/lib/ruby/gems/2.6.0/gems/libxml-ruby-3.1.0/ext/libxml/ruby_xml_schema_attribute.c
/System/Volumes/Data/Library/Developer/CommandLineTools/SDKs/MacOSX10.15.sdk/System/Library/Frameworks/Ruby.framework/Versions/2.6/usr/lib/ruby/gems/2.6.0/gems/libxml-ruby-3.1.0/ext/libxml/ruby_xml_relaxng.c
/System/Volumes/Data/Library/Developer/CommandLineTools/SDKs/MacOSX10.15.sdk/System/Library/Frameworks/Ruby.framework/Versions/2.6/usr/lib/ruby/gems/2.6.0/gems/libxml-ruby-3.1.0/ext/libxml/ruby_xml_attributes.c
/System/Volumes/Data/Library/Developer/CommandLineTools/SDKs/MacOSX10.15.sdk/System/Library/Frameworks/Ruby.framework/Versions/2.6/usr/lib/ruby/gems/2.6.0/gems/libxml-ruby-3.1.0/ext/libxml/ruby_xml_error.c
/System/Volumes/Data/Library/Developer/CommandLineTools/SDKs/MacOSX10.15.sdk/System/Library/Frameworks/Ruby.framework/Versions/2.6/usr/lib/ruby/gems/2.6.0/gems/libxml-ruby-3.1.0/ext/libxml/ruby_xml_encoding.c
/System/Volumes/Data/Library/Developer/CommandLineTools/SDKs/MacOSX10.15.sdk/System/Library/Frameworks/Ruby.framework/Versions/2.6/usr/lib/ruby/gems/2.6.0/gems/libxml-ruby-3.1.0/ext/libxml/ruby_xml_namespace.c
/System/Volumes/Data/Library/Developer/CommandLineTools/SDKs/MacOSX10.15.sdk/System/Library/Frameworks/Ruby.framework/Versions/2.6/usr/lib/ruby/gems/2.6.0/gems/libxml-ruby-3.1.0/ext/libxml/ruby_xml_parser.c
/System/Volumes/Data/Library/Developer/CommandLineTools/SDKs/MacOSX10.15.sdk/System/Library/Frameworks/Ruby.framework/Versions/2.6/usr/lib/ruby/gems/2.6.0/gems/libxml-ruby-3.1.0/ext/libxml/ruby_xml.c
/System/Volumes/Data/Library/Developer/CommandLineTools/SDKs/MacOSX10.15.sdk/System/Library/Frameworks/Ruby.framework/Versions/2.6/usr/lib/ruby/gems/2.6.0/gems/libxml-ruby-3.1.0/ext/libxml/ruby_xml_input_cbg.c
/System/Volumes/Data/Library/Developer/CommandLineTools/SDKs/MacOSX10.15.sdk/System/Library/Frameworks/Ruby.framework/Versions/2.6/usr/lib/ruby/gems/2.6.0/gems/libxml-ruby-3.1.0/ext/libxml/ruby_xml_schema.c
/System/Volumes/Data/Library/Developer/CommandLineTools/SDKs/MacOSX10.15.sdk/System/Library/Frameworks/Ruby.framework/Versions/2.6/usr/lib/ruby/gems/2.6.0/gems/libxml-ruby-3.1.0/ext/libxml/ruby_xml_xpath_context.c
/System/Volumes/Data/Library/Developer/CommandLineTools/SDKs/MacOSX10.15.sdk/System/Library/Frameworks/Ruby.framework/Versions/2.6/usr/lib/ruby/gems/2.6.0/gems/nokogiri-1.10.1/ext/nokogiri/xml_comment.c
/System/Volumes/Data/Library/Developer/CommandLineTools/SDKs/MacOSX10.15.sdk/System/Library/Frameworks/Ruby.framework/Versions/2.6/usr/lib/ruby/gems/2.6.0/gems/nokogiri-1.10.1/ext/nokogiri/xml_element_content.c
/System/Volumes/Data/Library/Developer/CommandLineTools/SDKs/MacOSX10.15.sdk/System/Library/Frameworks/Ruby.framework/Versions/2.6/usr/lib/ruby/gems/2.6.0/gems/nokogiri-1.10.1/ext/nokogiri/html_element_description.c
/System/Volumes/Data/Library/Developer/CommandLineTools/SDKs/MacOSX10.15.sdk/System/Library/Frameworks/Ruby.framework/Versions/2.6/usr/lib/ruby/gems/2.6.0/gems/nokogiri-1.10.1/ext/nokogiri/nokogiri.c
/System/Volumes/Data/Library/Developer/CommandLineTools/SDKs/MacOSX10.15.sdk/System/Library/Frameworks/Ruby.framework/Versions/2.6/usr/lib/ruby/gems/2.6.0/gems/nokogiri-1.10.1/ext/nokogiri/xml_element_decl.c
/System/Volumes/Data/Library/Developer/CommandLineTools/SDKs/MacOSX10.15.sdk/System/Library/Frameworks/Ruby.framework/Versions/2.6/usr/lib/ruby/gems/2.6.0/gems/nokogiri-1.10.1/ext/nokogiri/xml_node_set.c
/System/Volumes/Data/Library/Developer/CommandLineTools/SDKs/MacOSX10.15.sdk/System/Library/Frameworks/Ruby.framework/Versions/2.6/usr/lib/ruby/gems/2.6.0/gems/nokogiri-1.10.1/ext/nokogiri/xml_namespace.c
/System/Volumes/Data/Library/Developer/CommandLineTools/SDKs/MacOSX10.15.sdk/System/Library/Frameworks/Ruby.framework/Versions/2.6/usr/lib/ruby/gems/2.6.0/gems/nokogiri-1.10.1/ext/nokogiri/xml_encoding_handler.c
/System/Volumes/Data/Library/Developer/CommandLineTools/SDKs/MacOSX10.15.sdk/System/Library/Frameworks/Ruby.framework/Versions/2.6/usr/lib/ruby/gems/2.6.0/gems/nokogiri-1.10.1/ext/nokogiri/xml_libxml2_hacks.c
/System/Volumes/Data/Library/Developer/CommandLineTools/SDKs/MacOSX10.15.sdk/System/Library/Frameworks/Ruby.framework/Versions/2.6/usr/lib/ruby/gems/2.6.0/gems/nokogiri-1.10.1/ext/nokogiri/xml_relax_ng.c
/System/Volumes/Data/Library/Developer/CommandLineTools/SDKs/MacOSX10.15.sdk/System/Library/Frameworks/Ruby.framework/Versions/2.6/usr/lib/ruby/gems/2.6.0/gems/nokogiri-1.10.1/ext/nokogiri/xml_sax_push_parser.c
/System/Volumes/Data/Library/Developer/CommandLineTools/SDKs/MacOSX10.15.sdk/System/Library/Frameworks/Ruby.framework/Versions/2.6/usr/lib/ruby/gems/2.6.0/gems/nokogiri-1.10.1/ext/nokogiri/html_sax_parser_context.c
/System/Volumes/Data/Library/Developer/CommandLineTools/SDKs/MacOSX10.15.sdk/System/Library/Frameworks/Ruby.framework/Versions/2.6/usr/lib/ruby/gems/2.6.0/gems/nokogiri-1.10.1/ext/nokogiri/xslt_stylesheet.c
/System/Volumes/Data/Library/Developer/CommandLineTools/SDKs/MacOSX10.15.sdk/System/Library/Frameworks/Ruby.framework/Versions/2.6/usr/lib/ruby/gems/2.6.0/gems/nokogiri-1.10.1/ext/nokogiri/html_document.c
/System/Volumes/Data/Library/Developer/CommandLineTools/SDKs/MacOSX10.15.sdk/System/Library/Frameworks/Ruby.framework/Versions/2.6/usr/lib/ruby/gems/2.6.0/gems/nokogiri-1.10.1/ext/nokogiri/xml_sax_parser_context.c
/System/Volumes/Data/Library/Developer/CommandLineTools/SDKs/MacOSX10.15.sdk/System/Library/Frameworks/Ruby.framework/Versions/2.6/usr/lib/ruby/gems/2.6.0/gems/nokogiri-1.10.1/ext/nokogiri/xml_xpath_context.c
/System/Volumes/Data/Library/Developer/CommandLineTools/SDKs/MacOSX10.15.sdk/System/Library/Frameworks/Ruby.framework/Versions/2.6/usr/lib/ruby/gems/2.6.0/gems/nokogiri-1.10.1/ext/nokogiri/html_entity_lookup.c
/System/Volumes/Data/Library/Developer/CommandLineTools/SDKs/MacOSX10.15.sdk/System/Library/Frameworks/Ruby.framework/Versions/2.6/usr/lib/ruby/gems/2.6.0/gems/nokogiri-1.10.1/ext/nokogiri/xml_sax_parser.c
/System/Volumes/Data/Library/Developer/CommandLineTools/SDKs/MacOSX10.15.sdk/System/Library/Frameworks/Ruby.framework/Versions/2.6/usr/lib/ruby/gems/2.6.0/gems/nokogiri-1.10.1/ext/nokogiri/xml_reader.c
/System/Volumes/Data/Library/Developer/CommandLineTools/SDKs/MacOSX10.15.sdk/System/Library/Frameworks/Ruby.framework/Versions/2.6/usr/lib/ruby/gems/2.6.0/gems/nokogiri-1.10.1/ext/nokogiri/xml_syntax_error.c
/System/Volumes/Data/Library/Developer/CommandLineTools/SDKs/MacOSX10.15.sdk/System/Library/Frameworks/Ruby.framework/Versions/2.6/usr/lib/ruby/gems/2.6.0/gems/nokogiri-1.10.1/ext/nokogiri/xml_node.c
/System/Volumes/Data/Library/Developer/CommandLineTools/SDKs/MacOSX10.15.sdk/System/Library/Frameworks/Ruby.framework/Versions/2.6/usr/lib/ruby/gems/2.6.0/gems/nokogiri-1.10.1/ext/nokogiri/xml_attr.c
/System/Volumes/Data/Library/Developer/CommandLineTools/SDKs/MacOSX10.15.sdk/System/Library/Frameworks/Ruby.framework/Versions/2.6/usr/lib/ruby/gems/2.6.0/gems/nokogiri-1.10.1/ext/nokogiri/html_sax_push_parser.c
/System/Volumes/Data/Library/Developer/CommandLineTools/SDKs/MacOSX10.15.sdk/System/Library/Frameworks/Ruby.framework/Versions/2.6/usr/lib/ruby/gems/2.6.0/gems/nokogiri-1.10.1/ext/nokogiri/xml_schema.c
/System/Volumes/Data/Library/Developer/CommandLineTools/SDKs/MacOSX10.15.sdk/System/Library/Frameworks/Ruby.framework/Versions/2.6/usr/lib/ruby/gems/2.6.0/gems/nokogiri-1.10.1/ext/nokogiri/xml_dtd.c
/System/Volumes/Data/Library/Developer/CommandLineTools/SDKs/MacOSX10.15.sdk/System/Library/Frameworks/Ruby.framework/Versions/2.6/usr/lib/ruby/gems/2.6.0/gems/nokogiri-1.10.1/ext/nokogiri/xml_entity_decl.c
/System/Volumes/Data/Library/Developer/CommandLineTools/SDKs/MacOSX10.15.sdk/System/Library/Frameworks/Ruby.framework/Versions/2.6/usr/lib/ruby/gems/2.6.0/gems/nokogiri-1.10.1/ext/nokogiri/xml_attribute_decl.c
/System/Volumes/Data/Library/Developer/CommandLineTools/SDKs/MacOSX10.15.sdk/System/Library/Frameworks/Ruby.framework/Versions/2.6/usr/lib/ruby/gems/2.6.0/gems/nokogiri-1.10.1/ext/nokogiri/xml_io.c
/System/Volumes/Data/Library/Developer/CommandLineTools/SDKs/MacOSX10.15.sdk/System/Library/Frameworks/Ruby.framework/Versions/2.6/usr/lib/ruby/gems/2.6.0/gems/nokogiri-1.10.1/ext/nokogiri/xml_entity_reference.c
/System/Volumes/Data/Library/Developer/CommandLineTools/SDKs/MacOSX10.15.sdk/System/Library/Frameworks/Ruby.framework/Versions/2.6/usr/lib/ruby/gems/2.6.0/gems/nokogiri-1.10.1/ext/nokogiri/xml_processing_instruction.c
/System/Volumes/Data/Library/Developer/CommandLineTools/SDKs/MacOSX10.15.sdk/System/Library/Frameworks/Ruby.framework/Versions/2.6/usr/lib/ruby/gems/2.6.0/gems/nokogiri-1.10.1/ext/nokogiri/xml_text.c
/System/Volumes/Data/Library/Developer/CommandLineTools/SDKs/MacOSX10.15.sdk/System/Library/Frameworks/Ruby.framework/Versions/2.6/usr/lib/ruby/gems/2.6.0/gems/nokogiri-1.10.1/ext/nokogiri/xml_document_fragment.c
/System/Volumes/Data/Library/Developer/CommandLineTools/SDKs/MacOSX10.15.sdk/System/Library/Frameworks/Ruby.framework/Versions/2.6/usr/lib/ruby/gems/2.6.0/gems/nokogiri-1.10.1/ext/nokogiri/xml_document.c
/System/Volumes/Data/Library/Developer/CommandLineTools/SDKs/MacOSX10.15.sdk/System/Library/Frameworks/Ruby.framework/Versions/2.6/usr/lib/ruby/gems/2.6.0/gems/nokogiri-1.10.1/ext/nokogiri/xml_cdata.c
/System/Volumes/Data/Library/Developer/CommandLineTools/SDKs/MacOSX10.15.sdk/System/Library/Frameworks/Ruby.framework/Versions/2.6/usr/lib/ruby/gems/2.6.0/gems/sqlite3-1.3.13/ext/sqlite3/sqlite3.c
/System/Volumes/Data/Library/Developer/CommandLineTools/SDKs/MacOSX10.15.sdk/System/Library/Frameworks/Ruby.framework/Versions/2.6/usr/lib/ruby/gems/2.6.0/gems/sqlite3-1.3.13/ext/sqlite3/database.c
/System/Volumes/Data/Library/Developer/CommandLineTools/SDKs/MacOSX10.15.sdk/System/Library/Frameworks/Ruby.framework/Versions/2.6/usr/lib/ruby/gems/2.6.0/gems/sqlite3-1.3.13/ext/sqlite3/exception.c
/System/Volumes/Data/Library/Developer/CommandLineTools/SDKs/MacOSX10.15.sdk/System/Library/Frameworks/Ruby.framework/Versions/2.6/usr/lib/ruby/gems/2.6.0/gems/sqlite3-1.3.13/ext/sqlite3/backup.c
/System/Volumes/Data/Library/Developer/CommandLineTools/SDKs/MacOSX10.15.sdk/System/Library/Frameworks/Ruby.framework/Versions/2.6/usr/lib/ruby/gems/2.6.0/gems/sqlite3-1.3.13/ext/sqlite3/statement.c
/System/Volumes/Data/Library/Developer/CommandLineTools/Library/Frameworks/Python3.framework/Versions/3.7/lib/python3.7/config-3.7m-darwin/config.c
/System/Volumes/Data/Library/Frameworks/Mono.framework/Versions/5.16.0/include/glib-2.0/gobject/gobjectnotifyqueue.c
/System/Volumes/Data/Library/Frameworks/Mono.framework/Versions/5.16.0/share/gettext/intl/dcigettext.c
/System/Volumes/Data/Library/Frameworks/Mono.framework/Versions/5.16.0/share/gettext/intl/gettext.c
/System/Volumes/Data/Library/Frameworks/Mono.framework/Versions/5.16.0/share/gettext/intl/log.c
/System/Volumes/Data/Library/Frameworks/Mono.framework/Versions/5.16.0/share/gettext/intl/intl-compat.c
/System/Volumes/Data/Library/Frameworks/Mono.framework/Versions/5.16.0/share/gettext/intl/printf.c
/System/Volumes/Data/Library/Frameworks/Mono.framework/Versions/5.16.0/share/gettext/intl/hash-string.c
/System/Volumes/Data/Library/Frameworks/Mono.framework/Versions/5.16.0/share/gettext/intl/explodename.c
/System/Volumes/Data/Library/Frameworks/Mono.framework/Versions/5.16.0/share/gettext/intl/printf-args.c
/System/Volumes/Data/Library/Frameworks/Mono.framework/Versions/5.16.0/share/gettext/intl/dcgettext.c
/System/Volumes/Data/Library/Frameworks/Mono.framework/Versions/5.16.0/share/gettext/intl/textdomain.c
/System/Volumes/Data/Library/Frameworks/Mono.framework/Versions/5.16.0/share/gettext/intl/intl-exports.c
/System/Volumes/Data/Library/Frameworks/Mono.framework/Versions/5.16.0/share/gettext/intl/ngettext.c
/System/Volumes/Data/Library/Frameworks/Mono.framework/Versions/5.16.0/share/gettext/intl/dngettext.c
/System/Volumes/Data/Library/Frameworks/Mono.framework/Versions/5.16.0/share/gettext/intl/dgettext.c
/System/Volumes/Data/Library/Frameworks/Mono.framework/Versions/5.16.0/share/gettext/intl/relocatable.c
/System/Volumes/Data/Library/Frameworks/Mono.framework/Versions/5.16.0/share/gettext/intl/dcngettext.c
/System/Volumes/Data/Library/Frameworks/Mono.framework/Versions/5.16.0/share/gettext/intl/os2compat.c
/System/Volumes/Data/Library/Frameworks/Mono.framework/Versions/5.16.0/share/gettext/intl/plural-exp.c
/System/Volumes/Data/Library/Frameworks/Mono.framework/Versions/5.16.0/share/gettext/intl/setlocale.c
/System/Volumes/Data/Library/Frameworks/Mono.framework/Versions/5.16.0/share/gettext/intl/printf-parse.c
/System/Volumes/Data/Library/Frameworks/Mono.framework/Versions/5.16.0/share/gettext/intl/vasnprintf.c
/System/Volumes/Data/Library/Frameworks/Mono.framework/Versions/5.16.0/share/gettext/intl/bindtextdom.c
/System/Volumes/Data/Library/Frameworks/Mono.framework/Versions/5.16.0/share/gettext/intl/tsearch.c
/System/Volumes/Data/Library/Frameworks/Mono.framework/Versions/5.16.0/share/gettext/intl/localealias.c
/System/Volumes/Data/Library/Frameworks/Mono.framework/Versions/5.16.0/share/gettext/intl/finddomain.c
/System/Volumes/Data/Library/Frameworks/Mono.framework/Versions/5.16.0/share/gettext/intl/langprefs.c
/System/Volumes/Data/Library/Frameworks/Mono.framework/Versions/5.16.0/share/gettext/intl/plural.c
/System/Volumes/Data/Library/Frameworks/Mono.framework/Versions/5.16.0/share/gettext/intl/version.c
/System/Volumes/Data/Library/Frameworks/Mono.framework/Versions/5.16.0/share/gettext/intl/osdep.c
/System/Volumes/Data/Library/Frameworks/Mono.framework/Versions/5.16.0/share/gettext/intl/localcharset.c
/System/Volumes/Data/Library/Frameworks/Mono.framework/Versions/5.16.0/share/gettext/intl/threadlib.c
/System/Volumes/Data/Library/Frameworks/Mono.framework/Versions/5.16.0/share/gettext/intl/lock.c
/System/Volumes/Data/Library/Frameworks/Mono.framework/Versions/5.16.0/share/gettext/intl/loadmsgcat.c
/System/Volumes/Data/Library/Frameworks/Mono.framework/Versions/5.16.0/share/gettext/intl/l10nflist.c
/System/Volumes/Data/Library/Frameworks/Mono.framework/Versions/5.16.0/share/gettext/intl/localename.c
/System/Volumes/Data/Library/Frameworks/R.framework/Versions/3.6/Resources/library/Matrix/include/Matrix_stubs.c
/System/Volumes/Data/Library/Ruby/Gems/2.6.0/gems/rake-12.3.2/doc/example/a.c
/System/Volumes/Data/Library/Ruby/Gems/2.6.0/gems/rake-12.3.2/doc/example/main.c
/System/Volumes/Data/Library/Ruby/Gems/2.6.0/gems/rake-12.3.2/doc/example/b.c
^Z
[1]+  Stopped                 find / -name '*.c' 2> /dev/null
bash-3.2$ find \[K/ -name '*c"[K' 2>/dev/null >c-fil;e[K[Kes.lst &
[2] 1326
bash-3.2$ jobs
[1]+  Stopped                 find / -name '*.c' 2> /dev/null
[2]-  Running                 find / -name '*c' 2> /dev/null > c-files.lst &
bash-3.2$ kill %1

[1]+  Stopped                 find / -name '*.c' 2> /dev/null
bash-3.2$ kill %1[K2
bash: kill: (1326) - No such process
[1]+  Terminated: 15          find / -name '*.c' 2> /dev/null
[2]-  Exit 1                  find / -name '*c' 2> /dev/null > c-files.lst
bash-3.2$ cd ~
bash-3.2$ pwd
/Users/RedRapidash
bash-3.2$ xx=123
bash-3.2$ pwd; echo $xx; (xx=abc; cd /; pwd; echo $xx[C[C[C[C[C[C[C[C[C[C[C[C[C[C[C[C0;[K[K); pwd; echo $xx
/Users/RedRapidash
123
/
abc
/Users/RedRapidash
123
bash-3.2$ cd o[Ki240b/submit/lab8/3-subshells/
bash-3.2$ make
cd ~/cs240
ls
Makefile
bash-3.2$ ls
Makefile
bash-3.2$ make
cd ~/cs240 ; ls
README.md	bin		hws		misc		umt.make
announce.html	docs		index.html	online
announce.umt	exams-quizzes	index.umt	projects
assets		exercises	labs		slides
bash-3.2$ makwe
bash: makwe: command not found
bash-3.2$ make
cd ~/cs240 ; ls
README.md	bin		hws		misc		umt.make
announce.html	docs		index.html	online
announce.umt	exams-quizzes	index.umt	projects
assets		exercises	labs		slides
bash-3.2$ grep[K[K[K[Kcd ..
bash-3.2$ grep -i 'MAIN(' ~[K`find ~/cs240/projects/ -name '*,[K.cc'`
/Users/RedRapidash/cs240/projects//prj2/extras/seq-test.cc:int main(int argc, char *argv[]) {
/Users/RedRapidash/cs240/projects//prj1-sol/wordcounts.cc:main(int argc, char *argv[])
bash-3.2$ wc -l[K[K[K[K[Kls ~/cs240 [K/projects/ '*.cc[K[K[K[K[K*.cc | wc -l
ls: *.cc: No such file or directory
       6
bash-3.2$ ls ~/cs240/projects/ *.cc | wc -l[C[C[C[C[C[C[C[C[C[Cgrep -i 'MAIN(' `find ~/cs240/projects/ -name '*.cc'` | wc -l
       2
bash-3.2$ ls ~/cs240/projects/ | wc -l
       5
bash-3.2$ wc -l | ~/cs240/projects/
bash: /Users/RedRapidash/cs240/projects/: is a directory
^[[A^[[A^[[A^[[A                ^A  ^Z
[1]+  Stopped                 wc -l | ~/cs240/projects/
bash-3.2$ wc -l | ~/cs240/projects/[C[C[C[C[C[C[C[C[C[Cls ~/cs240/projects/ | wc -l[C[C[1@*[1@.[1@c[1@c
ls: /Users/RedRapidash/cs240/projects/*.cc: No such file or directory
       0
bash-3.2$ ls ~/cs240/projects/
index.html	index.umt	prj1		prj1-sol	prj2
bash-3.2$ echo $?
0
bash-3.2$ false; echo 123[K[K[K[K[K[K[K[K[K[K[K[K[K[K[Kecho $?ls ~/cs240/projects/*.cc | wc -l[K[C[C[C[C[C[C[C[C[C[C[13Pecho $?[Kwc -l $([K`dins ~/cs240/projects/ -name '*.cc'`
bash: dins: command not found
wc: $: open: No such file or directory
bash-3.2$ wc -l $`dins ~/cs240/projects/ -name '*.cc'`[C[1P[1P[1P[1P[1@f[1@i[1@d[1@n[1P[1P[1@n[1@m[1@d[1P[1P[1@d
wc: $/Users/RedRapidash/cs240/projects//prj2/extras/command.cc: open: No such file or directory
      72 /Users/RedRapidash/cs240/projects//prj2/extras/seq-test.cc
     159 /Users/RedRapidash/cs240/projects//prj1-sol/wordcounts.cc
     231 total
bash-3.2$ false; echo 123
123
bash-3.2$ true; echo 123
123
bash-3.2$ false && echo 123
bash-3.2$ true && echo 123
123
bash-3.2$ false || echo 123
123
bash-3.2$ true || echo 123
bash-3.2$ sleep 10
bash-3.2$ sleep 5 ; echo 123 &
[2] 1404
bash-3.2$ 123
sleep 5 ; echo 123 &[C[1@ [1@&
bash: syntax error near unexpected token `;'
[2]-  Done                    echo 123
bash-3.2$ sleep 5 & ; echo 123 &[1P[1P
[2] 1406
bash-3.2$ 123
sleep 5 ; echo 123 &[C[C[C[C[C[C[C[C[C[C[K
[2]-  Done                    echo 123
bash-3.2$ sleep 5 && echo 123 &
[2] 1407
bash-3.2$ 123
exit
There are stopped jobs.
[2]-  Done                    sleep 5 && echo 123
bash-3.2$ git add -A
bash-3.2$ git commit -a -m "Submotte[K[K[K[Kitted lab 8"
[master ce5930c] Submitted lab 8
 5 files changed, 148922 insertions(+)
 create mode 100644 submit/lab8/3-subshells/Makefile
 create mode 100644 submit/lab8/c-files.lst
 create mode 100644 submit/lab8/lab8-2.LOG
 create mode 100644 submit/lab8/lab8.LOG
bash-3.2$ git push
Enumerating objects: 13, done.
Counting objects:   7% (1/13)   Counting objects:  15% (2/13)   Counting objects:  23% (3/13)   Counting objects:  30% (4/13)   Counting objects:  38% (5/13)   Counting objects:  46% (6/13)   Counting objects:  53% (7/13)   Counting objects:  61% (8/13)   Counting objects:  69% (9/13)   Counting objects:  76% (10/13)   Counting objects:  84% (11/13)   Counting objects:  92% (12/13)   Counting objects: 100% (13/13)   Counting objects: 100% (13/13), done.
Delta compression using up to 8 threads
Compressing objects:  12% (1/8)   Compressing objects:  25% (2/8)   Compressing objects:  37% (3/8)   Compressing objects:  50% (4/8)   Compressing objects:  62% (5/8)   Compressing objects:  75% (6/8)   Compressing objects:  87% (7/8)   Compressing objects: 100% (8/8)   Compressing objects: 100% (8/8), done.
Writing objects:  10% (1/10)   Writing objects:  20% (2/10)   Writing objects:  30% (3/10)   Writing objects:  40% (4/10)   Writing objects:  50% (5/10)   Writing objects:  60% (6/10)   Writing objects:  70% (7/10)   Writing objects:  80% (8/10)   Writing objects:  90% (9/10)   Writing objects: 100% (10/10)   Writing objects: 100% (10/10), 1.01 MiB | 5.22 MiB/s, done.
Total 10 (delta 3), reused 0 (delta 0)
remote: Resolving deltas:   0% (0/3)[Kremote: Resolving deltas:  33% (1/3)[Kremote: Resolving deltas:  66% (2/3)[Kremote: Resolving deltas: 100% (3/3)[Kremote: Resolving deltas: 100% (3/3), completed with 3 local objects.[K
To https://github.com/Bklayman/i240b.git
   2d02d40..ce5930c  master -> master
bash-3.2$ 